127.62 d0 -2.1 walk -3.1..-0.1 my 211 elR (318,210) elL (201,201) elm R 8 L -0 leg 0 pel 0/9 low -1.0
122.65 d0 1.1 walk 0.0..3.5 my 213 elR (318,210) elL (201,201) elm R 8 L -0 leg 0 pel 0/9 low -1.0
117.07 d0 -0.9 walk -1.9..1.3 my 211 elR (318,210) elL (201,201) elm R 8 L -0 leg 0 pel 0/9 low -0.6
114.77 d0 -2.1 walk -5.0..3.0 my 211 elR (318,210) elL (201,201) elm R 8 L -0 leg 0 pel 0/9 low 0.8
109.28 d0 0.6 walk -0.8..3.9 my 210 elR (318,210) elL (201,201) elm R 8 L -2 leg 0 pel 0/10 low 1.0
90.98 d0 2.8 walk 1.6..5.1 my 209 elR (318,210) elL (201,201) elm R 8 L -0 leg 0 pel 0/9 low 4.8
85.08 d0 0.7 walk -1.7..5.7 my 209 elR (317,210) elL (201,201) elm R 9 L -1 leg 0 pel 0/11 low 3.6
64.92 d0 0.9 walk -3.2..7.3 my 207 elR (316,210) elL (201,201) elm R 9 L -1 leg 0 pel 0/10 low 6.0
54.05 d0 0.4 walk -2.3..5.3 my 208 elR (317,210) elL (202,202) elm R 9 L 1 leg 0 pel 0/11 low 6.4
52.86 d0 1.1 walk -2.7..6.9 my 204 elR (317,210) elL (201,201) elm R 9 L -1 leg 0 pel 0/10 low 10.2
52.15 d0 -0.6 walk -8.3..9.0 my 206 elR (317,210) elL (202,201) elm R 9 L -0 leg 0 pel 0/15 low 9.0
44.55 d0 -0.5 walk -6.0..7.7 my 206 elR (317,210) elL (201,201) elm R 8 L 0 leg 0 pel 0/12 low 8.3
43.03 d0 -1.2 walk -8.8..9.1 my 205 elR (318,210) elL (201,202) elm R 8 L 1 leg 0 pel 0/11 low 9.4
39.47 d0 1.4 walk -3.9..8.7 my 206 elR (317,210) elL (201,202) elm R 9 L 0 leg 0 pel 0/13 low 10.7
34.00 d0 0.2 walk -5.1..7.4 my 206 elR (318,210) elL (202,202) elm R 8 L 1 leg 0 pel 0/13 low 11.6
32.90 d0 -1.2 walk -8.9..8.6 my 207 elR (317,210) elL (202,202) elm R 8 L 1 leg 0 pel 0/13 low 9.6
32.45 d0 -1.2 walk -6.9..6.4 my 206 elR (318,210) elL (202,202) elm R 8 L 1 leg 0 pel 0/13 low 10.2
28.58 d0 -0.8 walk -4.7..5.1 my 207 elR (318,210) elL (202,202) elm R 8 L 1 leg 0 pel 0/13 low 9.7
27.22 d0 -0.5 walk -4.1..5.0 my 207 elR (318,210) elL (202,202) elm R 8 L 1 leg 0 pel 0/13 low 9.9
26.85 d0 -0.0 walk -2.7..4.4 my 207 elR (318,210) elL (202,202) elm R 8 L 1 leg 0 pel 0/13 low 10.7
24.77 d0 -0.9 walk -3.5..3.5 my 207 elR (318,210) elL (202,202) elm R 8 L 1 leg 0 pel 0/13 low 9.5
24.23 d0 -0.7 walk -2.9..3.2 my 207 elR (318,210) elL (202,202) elm R 8 L 1 leg 0 pel 0/13 low 10.2
24.10 d0 -0.5 walk -2.5..3.1 my 207 elR (318,210) elL (202,202) elm R 8 L 1 leg 0 pel 0/13 low 9.9
23.78 d0 -0.8 walk -2.8..2.9 my 207 elR (318,210) elL (202,202) elm R 8 L 1 leg 0 pel 0/13 low 9.7
23.60 d0 -0.6 walk -2.5..2.6 my 207 elR (318,210) elL (202,202) elm R 8 L 1 leg 0 pel 0/13 low 10.4
23.50 d0 -0.6 walk -2.3..2.7 my 207 elR (318,210) elL (202,202) elm R 8 L 1 leg 0 pel 0/13 low 10.2
23.43 d0 -0.7 walk -2.4..2.5 my 207 elR (318,210) elL (202,202) elm R 8 L 1 leg 0 pel 0/13 low 9.9
23.29 d0 -0.7 walk -2.5..2.5 my 207 elR (318,210) elL (202,202) elm R 8 L 1 leg 0 pel 0/13 low 10.2
23.19 d0 -0.7 walk -2.4..2.5 my 207 elR (318,210) elL (202,202) elm R 8 L 1 leg 0 pel 0/13 low 10.3
23.13 d0 -0.7 walk -2.3..2.4 my 207 elR (318,210) elL (202,202) elm R 8 L 1 leg 0 pel 0/13 low 10.4
23.12 d0 -0.7 walk -2.2..2.3 my 207 elR (318,210) elL (202,202) elm R 8 L 1 leg 0 pel 0/13 low 10.3
22.89 d0 -0.7 walk -2.2..2.3 my 207 elR (318,210) elL (202,202) elm R 8 L 1 leg 0 pel 0/13 low 10.2
22.81 d0 -0.7 walk -2.1..2.1 my 207 elR (318,210) elL (202,202) elm R 8 L 1 leg 0 pel 0/13 low 10.1
22.80 d0 -0.7 walk -2.2..2.2 my 207 elR (318,210) elL (202,202) elm R 8 L 1 leg 0 pel 0/13 low 10.4
22.77 d0 -0.7 walk -2.2..2.2 my 207 elR (318,210) elL (202,202) elm R 8 L 1 leg 0 pel 0/13 low 10.3
22.74 d0 -0.7 walk -2.1..2.2 my 207 elR (318,210) elL (202,202) elm R 8 L 1 leg 0 pel 0/13 low 10.3
22.69 d0 -0.7 walk -2.1..2.1 my 207 elR (318,210) elL (202,202) elm R 8 L 1 leg 0 pel 0/13 low 10.3
22.67 d0 -0.7 walk -2.1..2.1 my 207 elR (318,210) elL (202,202) elm R 8 L 1 leg 0 pel 0/13 low 10.2
22.65 d0 -0.7 walk -2.1..2.1 my 207 elR (318,210) elL (202,202) elm R 8 L 1 leg 0 pel 0/13 low 10.3
22.60 d0 -0.7 walk -2.1..2.0 my 207 elR (318,210) elL (202,202) elm R 8 L 1 leg 0 pel 0/13 low 10.3
restart 0 22.60005036950112 [20.8, -48.747, 0.536, 0.316, 41.918, 16.224, -0.998, 55.573, 11.923, -0.797, 72.985, 14.937, -68.718]
22.47 d0 -0.6 walk -2.0..2.0 my 207 elR (318,210) elL (202,202) elm R 8 L 1 leg 0 pel 0/13 low 10.3
22.32 d0 -0.6 walk -1.9..1.8 my 207 elR (318,210) elL (202,202) elm R 8 L 1 leg 0 pel 0/13 low 10.4
22.29 d0 -0.6 walk -1.8..1.8 my 207 elR (318,210) elL (202,202) elm R 8 L 1 leg 0 pel 0/13 low 10.4
22.26 d0 -0.6 walk -1.8..1.8 my 207 elR (318,210) elL (202,202) elm R 8 L 1 leg 0 pel 0/13 low 10.5
22.17 d0 -0.5 walk -1.8..1.8 my 207 elR (318,210) elL (202,202) elm R 8 L 1 leg 0 pel 0/13 low 10.5
22.15 d0 -0.5 walk -1.7..1.7 my 207 elR (318,210) elL (202,202) elm R 8 L 1 leg 0 pel 0/13 low 10.5
22.13 d0 -0.5 walk -1.7..1.6 my 207 elR (318,210) elL (202,202) elm R 8 L 1 leg 0 pel 0/13 low 10.5
22.09 d0 -0.5 walk -1.7..1.7 my 207 elR (318,210) elL (202,202) elm R 8 L 1 leg 0 pel 0/13 low 10.5
22.05 d0 -0.5 walk -1.7..1.7 my 207 elR (318,210) elL (202,202) elm R 8 L 1 leg 0 pel 0/13 low 10.6
22.00 d0 -0.4 walk -1.6..1.7 my 207 elR (318,210) elL (202,202) elm R 8 L 1 leg 0 pel 0/13 low 10.6
21.95 d0 -0.5 walk -1.6..1.5 my 207 elR (318,210) elL (202,202) elm R 8 L 1 leg 0 pel 0/13 low 10.6
21.79 d0 -0.4 walk -1.5..1.4 my 207 elR (318,210) elL (202,202) elm R 8 L 1 leg 0 pel 0/13 low 10.7
21.69 d0 -0.3 walk -1.4..1.4 my 207 elR (318,210) elL (202,202) elm R 8 L 1 leg 0 pel 0/13 low 10.7
21.58 d0 -0.3 walk -1.4..1.3 my 207 elR (318,210) elL (202,202) elm R 8 L 1 leg 0 pel 0/13 low 10.8
21.56 d0 -0.3 walk -1.4..1.3 my 207 elR (318,210) elL (202,202) elm R 8 L 1 leg 0 pel 0/13 low 10.7
21.47 d0 -0.3 walk -1.3..1.2 my 207 elR (318,210) elL (202,202) elm R 8 L 1 leg 0 pel 0/13 low 10.8
21.46 d0 -0.3 walk -1.3..1.3 my 207 elR (318,210) elL (202,202) elm R 8 L 1 leg 0 pel 0/13 low 10.7
21.44 d0 -0.3 walk -1.3..1.2 my 207 elR (318,210) elL (202,202) elm R 8 L 1 leg 0 pel 0/13 low 10.8
21.44 d0 -0.3 walk -1.3..1.2 my 207 elR (318,210) elL (202,202) elm R 8 L 1 leg 0 pel 0/13 low 10.8
21.41 d0 -0.2 walk -1.2..1.3 my 207 elR (318,210) elL (202,202) elm R 8 L 1 leg 0 pel 0/13 low 10.8
21.39 d0 -0.2 walk -1.3..1.2 my 207 elR (318,210) elL (202,202) elm R 8 L 1 leg 0 pel 0/13 low 10.8
restart 1 21.387666804790456 [21.2, -48.992, 0.521, 0.303, 42.264, 14.698, -0.995, 54.735, 7.24, -0.904, 72.377, 15.726, -68.015]
21.38 d0 -0.2 walk -1.3..1.2 my 206 elR (318,210) elL (202,202) elm R 8 L 1 leg 0 pel 0/13 low 11.0
21.36 d0 -0.2 walk -1.2..1.2 my 206 elR (318,210) elL (202,202) elm R 8 L 1 leg 0 pel 0/13 low 11.0
21.35 d0 -0.2 walk -1.2..1.2 my 207 elR (318,210) elL (202,202) elm R 8 L 1 leg 0 pel 0/13 low 11.0
21.34 d0 -0.2 walk -1.2..1.2 my 207 elR (318,210) elL (202,202) elm R 8 L 1 leg 0 pel 0/13 low 11.0
21.34 d0 -0.2 walk -1.2..1.2 my 207 elR (318,210) elL (202,202) elm R 8 L 1 leg 0 pel 0/13 low 11.0
21.34 d0 -0.2 walk -1.2..1.2 my 207 elR (318,210) elL (202,202) elm R 8 L 1 leg 0 pel 0/13 low 11.0
21.34 d0 -0.2 walk -1.2..1.2 my 207 elR (318,210) elL (202,202) elm R 8 L 1 leg 0 pel 0/13 low 11.0
21.34 d0 -0.2 walk -1.2..1.2 my 207 elR (318,210) elL (202,202) elm R 8 L 1 leg 0 pel 0/13 low 11.0
21.34 d0 -0.2 walk -1.2..1.2 my 207 elR (318,210) elL (202,202) elm R 8 L 1 leg 0 pel 0/13 low 11.0
restart 2 21.33990489721299 [21.222, -49.13, 0.523, 0.305, 42.207, 14.46, -0.999, 54.714, 7.74, -0.901, 72.389, 15.663, -67.854]
21.34 d0 -0.2 walk -1.2..1.2 my 207 elR (318,210) elL (202,202) elm R 8 L 1 leg 0 pel 0/13 low 11.0
21.34 d0 -0.2 walk -1.2..1.2 my 207 elR (318,210) elL (202,202) elm R 8 L 1 leg 0 pel 0/13 low 11.0
21.34 d0 -0.2 walk -1.2..1.2 my 207 elR (318,210) elL (202,202) elm R 8 L 1 leg 0 pel 0/13 low 11.0
21.34 d0 -0.2 walk -1.2..1.2 my 207 elR (318,210) elL (202,202) elm R 8 L 1 leg 0 pel 0/13 low 11.0
21.34 d0 -0.2 walk -1.2..1.2 my 207 elR (318,210) elL (202,202) elm R 8 L 1 leg 0 pel 0/13 low 11.0
restart 3 21.339566316604618 [21.203, -49.093, 0.523, 0.305, 42.202, 14.457, -0.999, 54.709, 7.735, -0.901, 72.4, 15.653, -67.859]
