117.97 d0 -2.1 walk -11.4..10.1 my 211 elR (318,210) elL (201,201) elm R 9 L -0 leg 0 pel 0/9 low 1.6
115.68 d0 1.1 walk -8.6..13.6 my 213 elR (318,210) elL (201,201) elm R 9 L -0 leg 0 pel 0/9 low 1.6
110.64 d0 -0.9 walk -10.5..11.5 my 211 elR (318,210) elL (201,201) elm R 9 L -0 leg 0 pel 0/9 low 1.8
105.32 d0 -2.1 walk -15.5..13.6 my 211 elR (318,210) elL (201,201) elm R 9 L 0 leg 0 pel 0/9 low 3.8
102.20 d0 0.6 walk -10.5..14.3 my 210 elR (318,210) elL (201,201) elm R 9 L -2 leg 0 pel 0/10 low 3.6
82.75 d0 2.8 walk -6.2..14.3 my 209 elR (318,210) elL (201,201) elm R 9 L -0 leg 0 pel 0/9 low 7.4
81.26 d0 0.3 walk -11.5..14.9 my 211 elR (318,210) elL (201,202) elm R 8 L 0 leg 0 pel 0/13 low 4.8
68.86 d0 0.7 walk -12.4..16.4 my 211 elR (318,210) elL (202,202) elm R 8 L 1 leg 0 pel 0/15 low 6.5
60.25 d0 1.3 walk -12.3..17.2 my 208 elR (317,210) elL (201,201) elm R 9 L -0 leg 0 pel 0/12 low 8.1
58.97 d0 0.8 walk -13.2..17.0 my 208 elR (319,210) elL (202,201) elm R 8 L 0 leg 0 pel 0/13 low 8.5
56.04 d0 -0.8 walk -13.7..14.6 my 207 elR (317,210) elL (201,201) elm R 9 L -0 leg 0 pel 0/13 low 8.6
51.49 d0 1.7 walk -13.0..18.6 my 207 elR (317,210) elL (202,202) elm R 9 L 1 leg 0 pel 0/13 low 11.9
43.67 d0 -1.1 walk -13.7..13.6 my 206 elR (318,210) elL (202,202) elm R 8 L 1 leg 0 pel 0/13 low 11.2
42.78 d0 -0.6 walk -13.4..14.4 my 207 elR (317,210) elL (202,202) elm R 9 L 1 leg 0 pel 0/13 low 10.3
42.36 d0 -1.4 walk -14.7..14.0 my 206 elR (318,210) elL (202,202) elm R 9 L 1 leg 0 pel 0/13 low 11.1
41.81 d0 -0.7 walk -14.1..14.7 my 207 elR (318,210) elL (202,202) elm R 9 L 1 leg 0 pel 0/13 low 11.9
41.44 d0 -1.1 walk -14.1..14.0 my 207 elR (317,210) elL (202,202) elm R 9 L 1 leg 0 pel 0/13 low 10.3
41.13 d0 -1.0 walk -14.1..14.2 my 207 elR (318,210) elL (202,202) elm R 9 L 1 leg 0 pel 0/13 low 11.5
40.63 d0 -0.9 walk -13.8..14.1 my 207 elR (318,210) elL (202,202) elm R 9 L 1 leg 0 pel 0/13 low 11.5
40.40 d0 -1.3 walk -13.6..13.1 my 207 elR (318,210) elL (202,202) elm R 9 L 1 leg 0 pel 0/13 low 11.2
40.39 d0 -1.2 walk -13.7..13.5 my 207 elR (318,210) elL (202,202) elm R 9 L 1 leg 0 pel 0/13 low 11.0
39.83 d0 -1.0 walk -13.1..13.3 my 207 elR (317,210) elL (202,202) elm R 9 L 1 leg 0 pel 0/13 low 10.2
39.00 d0 -1.2 walk -12.5..12.6 my 208 elR (317,210) elL (202,202) elm R 9 L 1 leg 0 pel 0/13 low 9.0
38.31 d0 -1.2 walk -12.2..12.1 my 208 elR (317,210) elL (202,202) elm R 9 L 1 leg 0 pel 0/13 low 9.7
37.88 d0 -1.0 walk -11.9..12.1 my 208 elR (318,210) elL (202,202) elm R 9 L 1 leg 0 pel 0/13 low 9.8
37.60 d0 -1.1 walk -12.0..12.0 my 208 elR (318,210) elL (202,202) elm R 9 L 1 leg 0 pel 0/13 low 10.4
37.25 d0 -1.0 walk -11.4..11.7 my 208 elR (318,210) elL (202,202) elm R 9 L 1 leg 0 pel 0/13 low 9.2
37.16 d0 -1.1 walk -11.3..11.6 my 208 elR (318,210) elL (202,202) elm R 9 L 1 leg 0 pel 0/13 low 9.1
36.93 d0 -1.2 walk -11.5..11.6 my 208 elR (318,210) elL (202,202) elm R 9 L 1 leg 0 pel 0/13 low 9.2
36.67 d0 -1.1 walk -11.2..11.3 my 208 elR (318,210) elL (202,202) elm R 9 L 1 leg 0 pel 0/13 low 9.5
36.62 d0 -1.1 walk -11.1..11.2 my 207 elR (318,210) elL (202,202) elm R 9 L 1 leg 0 pel 0/13 low 10.0
36.53 d0 -1.1 walk -11.1..11.3 my 207 elR (318,210) elL (202,202) elm R 9 L 1 leg 0 pel 0/13 low 9.4
36.46 d0 -1.0 walk -10.9..11.3 my 208 elR (318,210) elL (202,202) elm R 9 L 1 leg 0 pel 0/13 low 9.2
36.38 d0 -1.0 walk -10.9..11.3 my 208 elR (318,210) elL (202,202) elm R 9 L 1 leg 0 pel 0/13 low 9.2
36.30 d0 -1.2 walk -11.1..11.1 my 208 elR (318,210) elL (202,202) elm R 9 L 1 leg 0 pel 0/13 low 9.1
36.02 d0 -1.2 walk -11.0..10.9 my 208 elR (318,210) elL (202,202) elm R 9 L 1 leg 0 pel 0/13 low 9.7
35.76 d0 -1.3 walk -10.8..10.6 my 208 elR (317,210) elL (202,202) elm R 9 L 2 leg 0 pel 0/13 low 10.0
35.73 d0 -1.0 walk -10.4..10.8 my 208 elR (318,210) elL (202,202) elm R 9 L 2 leg 0 pel 0/13 low 9.6
35.13 d0 -0.9 walk -9.8..10.4 my 208 elR (317,210) elL (202,202) elm R 9 L 2 leg 0 pel 0/13 low 9.9
35.04 d0 -1.2 walk -10.3..10.3 my 208 elR (318,210) elL (202,202) elm R 9 L 2 leg 0 pel 0/13 low 9.7
35.01 d0 -1.3 walk -10.3..10.1 my 207 elR (318,210) elL (202,202) elm R 9 L 2 leg 0 pel 0/13 low 9.9
34.89 d0 -1.0 walk -9.7..10.3 my 207 elR (318,210) elL (202,202) elm R 9 L 2 leg 0 pel 0/13 low 9.5
34.77 d0 -1.1 walk -9.6..9.9 my 208 elR (317,210) elL (202,202) elm R 9 L 2 leg 0 pel 0/13 low 9.5
34.62 d0 -1.1 walk -9.1..9.5 my 208 elR (317,210) elL (203,202) elm R 9 L 2 leg 0 pel 0/13 low 9.3
34.48 d0 -1.2 walk -9.8..10.0 my 207 elR (318,210) elL (202,202) elm R 9 L 2 leg 0 pel 0/13 low 9.7
34.25 d0 -1.2 walk -9.7..9.8 my 207 elR (318,210) elL (202,202) elm R 9 L 2 leg 0 pel 0/13 low 9.8
34.06 d0 -1.2 walk -9.5..9.7 my 207 elR (318,210) elL (202,202) elm R 9 L 2 leg 0 pel 0/13 low 9.6
34.00 d0 -1.2 walk -9.2..9.4 my 207 elR (317,210) elL (203,202) elm R 9 L 2 leg 0 pel 0/13 low 9.6
33.91 d0 -1.3 walk -9.4..9.4 my 207 elR (317,210) elL (203,202) elm R 9 L 2 leg 0 pel 0/13 low 9.7
33.91 d0 -1.4 walk -9.3..9.1 my 207 elR (317,210) elL (203,202) elm R 9 L 2 leg 0 pel 0/13 low 9.8
33.81 d0 -1.3 walk -9.4..9.4 my 207 elR (318,210) elL (202,202) elm R 9 L 2 leg 0 pel 0/13 low 9.7
33.68 d0 -1.3 walk -9.4..9.4 my 207 elR (318,210) elL (202,202) elm R 9 L 2 leg 0 pel 0/13 low 9.5
33.61 d0 -1.3 walk -9.2..9.2 my 207 elR (318,210) elL (202,202) elm R 9 L 2 leg 0 pel 0/13 low 9.7
33.58 d0 -1.3 walk -9.3..9.3 my 207 elR (317,210) elL (202,202) elm R 9 L 2 leg 0 pel 0/13 low 9.6
33.57 d0 -1.3 walk -9.2..9.2 my 207 elR (317,210) elL (202,202) elm R 9 L 2 leg 0 pel 0/13 low 9.6
restart 0 33.57224548407364 [20.667, -49.823, 0.61, 0.366, 40.683, 19.557, -0.599, 53.183, 19.495, -0.6, 70.674, 12.9, -71.812]
33.53 d0 -1.3 walk -9.2..9.2 my 207 elR (317,210) elL (203,202) elm R 9 L 2 leg 0 pel 0/13 low 9.5
33.52 d0 -1.3 walk -9.2..9.2 my 207 elR (317,210) elL (203,202) elm R 9 L 2 leg 0 pel 0/13 low 9.6
33.51 d0 -1.3 walk -9.2..9.2 my 207 elR (317,210) elL (203,202) elm R 9 L 2 leg 0 pel 0/13 low 9.6
33.48 d0 -1.3 walk -9.2..9.2 my 207 elR (317,210) elL (203,202) elm R 9 L 2 leg 0 pel 0/13 low 9.6
33.48 d0 -1.3 walk -9.2..9.2 my 207 elR (317,210) elL (203,202) elm R 9 L 2 leg 0 pel 0/13 low 9.6
33.48 d0 -1.3 walk -9.2..9.2 my 207 elR (317,210) elL (203,202) elm R 9 L 2 leg 0 pel 0/13 low 9.6
33.48 d0 -1.3 walk -9.2..9.2 my 207 elR (317,210) elL (203,202) elm R 9 L 2 leg 0 pel 0/13 low 9.6
33.46 d0 -1.3 walk -9.2..9.2 my 207 elR (317,210) elL (203,202) elm R 9 L 2 leg 0 pel 0/13 low 9.6
33.46 d0 -1.3 walk -9.2..9.2 my 207 elR (317,210) elL (203,202) elm R 9 L 2 leg 0 pel 0/13 low 9.6
33.45 d0 -1.3 walk -9.2..9.2 my 207 elR (317,210) elL (203,202) elm R 9 L 2 leg 0 pel 0/13 low 9.6
33.43 d0 -1.3 walk -9.2..9.1 my 207 elR (317,210) elL (203,202) elm R 9 L 2 leg 0 pel 0/13 low 9.6
33.43 d0 -1.3 walk -9.2..9.2 my 207 elR (317,210) elL (203,202) elm R 9 L 2 leg 0 pel 0/13 low 9.6
33.41 d0 -1.3 walk -9.2..9.1 my 207 elR (317,210) elL (203,202) elm R 9 L 2 leg 0 pel 0/13 low 9.6
33.41 d0 -1.3 walk -9.2..9.2 my 207 elR (317,210) elL (203,202) elm R 9 L 2 leg 0 pel 0/13 low 9.6
33.41 d0 -1.3 walk -9.1..9.1 my 207 elR (317,210) elL (203,202) elm R 9 L 2 leg 0 pel 0/13 low 9.6
33.40 d0 -1.3 walk -9.2..9.1 my 207 elR (317,210) elL (203,202) elm R 9 L 2 leg 0 pel 0/13 low 9.6
33.37 d0 -1.3 walk -9.1..9.1 my 207 elR (317,210) elL (203,202) elm R 9 L 2 leg 0 pel 0/13 low 9.6
33.36 d0 -1.3 walk -9.1..9.1 my 207 elR (317,210) elL (203,202) elm R 9 L 2 leg 0 pel 0/13 low 9.6
33.34 d0 -1.3 walk -9.1..9.1 my 208 elR (317,210) elL (203,202) elm R 9 L 2 leg 0 pel 0/13 low 9.6
33.33 d0 -1.3 walk -9.1..9.1 my 207 elR (317,210) elL (203,202) elm R 9 L 2 leg 0 pel 0/13 low 9.6
33.32 d0 -1.3 walk -9.1..9.1 my 207 elR (317,210) elL (203,202) elm R 9 L 2 leg 0 pel 0/13 low 9.6
33.31 d0 -1.3 walk -9.1..9.1 my 207 elR (317,210) elL (203,202) elm R 9 L 2 leg 0 pel 0/13 low 9.6
33.31 d0 -1.3 walk -9.1..9.1 my 208 elR (317,210) elL (203,202) elm R 9 L 2 leg 0 pel 0/13 low 9.6
33.31 d0 -1.3 walk -9.1..9.1 my 207 elR (317,210) elL (203,202) elm R 9 L 2 leg 0 pel 0/13 low 9.6
33.30 d0 -1.3 walk -9.1..9.1 my 207 elR (317,210) elL (203,202) elm R 9 L 2 leg 0 pel 0/13 low 9.6
restart 1 33.30347746262574 [20.269, -49.344, 0.608, 0.363, 40.805, 19.864, -0.598, 52.766, 16.799, -0.6, 70.265, 12.427, -71.891]
33.29 d0 -1.3 walk -9.1..9.1 my 207 elR (317,210) elL (203,202) elm R 9 L 2 leg 0 pel 0/13 low 9.6
33.28 d0 -1.3 walk -9.1..9.1 my 207 elR (317,210) elL (203,202) elm R 9 L 2 leg 0 pel 0/13 low 9.5
33.28 d0 -1.3 walk -9.1..9.1 my 207 elR (317,210) elL (203,202) elm R 9 L 2 leg 0 pel 0/13 low 9.5
33.27 d0 -1.3 walk -9.1..9.1 my 207 elR (317,210) elL (203,202) elm R 9 L 2 leg 0 pel 0/13 low 9.6
33.26 d0 -1.3 walk -9.1..9.1 my 207 elR (317,210) elL (203,202) elm R 9 L 2 leg 0 pel 0/13 low 9.6
33.25 d0 -1.3 walk -9.1..9.1 my 207 elR (317,210) elL (203,202) elm R 9 L 2 leg 0 pel 0/13 low 9.5
33.24 d0 -1.3 walk -9.1..9.1 my 207 elR (317,210) elL (203,202) elm R 9 L 2 leg 0 pel 0/13 low 9.6
33.24 d0 -1.3 walk -9.0..9.0 my 207 elR (317,210) elL (203,202) elm R 9 L 2 leg 0 pel 0/13 low 9.6
33.23 d0 -1.3 walk -9.0..9.1 my 207 elR (317,210) elL (203,202) elm R 9 L 2 leg 0 pel 0/13 low 9.6
33.23 d0 -1.3 walk -9.0..9.0 my 207 elR (317,210) elL (203,202) elm R 9 L 2 leg 0 pel 0/13 low 9.6
33.23 d0 -1.3 walk -9.0..9.0 my 207 elR (317,210) elL (203,202) elm R 9 L 2 leg 0 pel 0/13 low 9.6
33.23 d0 -1.3 walk -9.0..9.0 my 207 elR (317,210) elL (203,202) elm R 9 L 2 leg 0 pel 0/13 low 9.6
33.22 d0 -1.3 walk -9.0..9.0 my 207 elR (317,210) elL (203,202) elm R 9 L 2 leg 0 pel 0/13 low 9.6
33.22 d0 -1.3 walk -9.0..9.0 my 207 elR (317,210) elL (203,202) elm R 9 L 2 leg 0 pel 0/13 low 9.6
33.22 d0 -1.3 walk -9.0..9.0 my 207 elR (317,210) elL (203,202) elm R 9 L 2 leg 0 pel 0/13 low 9.6
33.22 d0 -1.3 walk -9.0..9.0 my 207 elR (317,210) elL (203,202) elm R 9 L 2 leg 0 pel 0/13 low 9.6
33.22 d0 -1.3 walk -9.0..9.0 my 207 elR (317,210) elL (203,202) elm R 9 L 2 leg 0 pel 0/13 low 9.6
33.22 d0 -1.3 walk -9.0..9.0 my 207 elR (317,210) elL (203,202) elm R 9 L 2 leg 0 pel 0/13 low 9.6
33.22 d0 -1.3 walk -9.0..9.0 my 207 elR (317,210) elL (203,202) elm R 9 L 2 leg 0 pel 0/13 low 9.6
33.22 d0 -1.3 walk -9.0..9.0 my 207 elR (317,210) elL (203,202) elm R 9 L 2 leg 0 pel 0/13 low 9.6
33.22 d0 -1.3 walk -9.0..9.0 my 207 elR (317,210) elL (203,202) elm R 9 L 2 leg 0 pel 0/13 low 9.6
33.22 d0 -1.3 walk -9.0..9.0 my 207 elR (317,210) elL (203,202) elm R 9 L 2 leg 0 pel 0/13 low 9.6
33.22 d0 -1.3 walk -9.0..9.0 my 207 elR (317,210) elL (203,202) elm R 9 L 2 leg 0 pel 0/13 low 9.6
restart 2 33.21931820460586 [20.28, -49.525, 0.608, 0.362, 40.78, 19.817, -0.6, 52.73, 16.949, -0.6, 70.247, 12.335, -71.917]
33.21 d0 -1.3 walk -9.1..9.1 my 207 elR (317,210) elL (203,202) elm R 9 L 2 leg 0 pel 0/13 low 9.6
33.21 d0 -1.3 walk -9.0..9.0 my 207 elR (317,210) elL (203,202) elm R 9 L 2 leg 0 pel 0/13 low 9.6
33.20 d0 -1.3 walk -9.0..9.1 my 207 elR (317,210) elL (203,202) elm R 9 L 2 leg 0 pel 0/13 low 9.6
33.20 d0 -1.3 walk -9.0..9.1 my 207 elR (317,210) elL (203,202) elm R 9 L 2 leg 0 pel 0/13 low 9.6
33.19 d0 -1.3 walk -9.0..9.0 my 207 elR (317,210) elL (203,202) elm R 9 L 2 leg 0 pel 0/13 low 9.6
33.19 d0 -1.3 walk -9.0..9.1 my 207 elR (317,210) elL (203,202) elm R 9 L 2 leg 0 pel 0/13 low 9.6
33.15 d0 -1.3 walk -9.1..9.1 my 207 elR (317,210) elL (203,202) elm R 9 L 2 leg 0 pel 0/13 low 9.6
33.15 d0 -1.3 walk -9.1..9.1 my 207 elR (317,210) elL (203,202) elm R 9 L 2 leg 0 pel 0/13 low 9.6
33.13 d0 -1.3 walk -9.0..9.0 my 207 elR (317,210) elL (203,202) elm R 9 L 2 leg 0 pel 0/13 low 9.6
33.12 d0 -1.3 walk -9.1..9.1 my 207 elR (317,210) elL (203,202) elm R 9 L 2 leg 0 pel 0/13 low 9.6
33.12 d0 -1.3 walk -9.1..9.0 my 207 elR (317,210) elL (203,202) elm R 9 L 2 leg 0 pel 0/13 low 9.6
33.11 d0 -1.3 walk -9.1..9.1 my 207 elR (317,210) elL (203,202) elm R 9 L 2 leg 0 pel 0/13 low 9.6
33.10 d0 -1.3 walk -9.1..9.1 my 207 elR (317,210) elL (203,202) elm R 9 L 2 leg 0 pel 0/13 low 9.6
33.10 d0 -1.3 walk -9.1..9.0 my 207 elR (317,210) elL (203,202) elm R 9 L 2 leg 0 pel 0/13 low 9.6
33.09 d0 -1.3 walk -9.1..9.0 my 207 elR (317,210) elL (203,202) elm R 9 L 2 leg 0 pel 0/13 low 9.6
33.09 d0 -1.3 walk -9.1..9.0 my 207 elR (317,210) elL (203,202) elm R 9 L 2 leg 0 pel 0/13 low 9.6
33.09 d0 -1.3 walk -9.1..9.0 my 207 elR (317,210) elL (203,202) elm R 9 L 2 leg 0 pel 0/13 low 9.6
33.08 d0 -1.3 walk -9.1..9.0 my 207 elR (317,210) elL (203,202) elm R 9 L 2 leg 0 pel 0/13 low 9.6
33.08 d0 -1.3 walk -9.1..9.0 my 207 elR (317,210) elL (203,202) elm R 9 L 2 leg 0 pel 0/13 low 9.6
33.07 d0 -1.3 walk -9.0..9.0 my 207 elR (317,210) elL (203,202) elm R 9 L 2 leg 0 pel 0/13 low 9.6
33.07 d0 -1.3 walk -9.0..9.0 my 207 elR (317,210) elL (203,202) elm R 9 L 2 leg 0 pel 0/13 low 9.6
33.07 d0 -1.3 walk -9.0..9.0 my 207 elR (317,210) elL (203,202) elm R 9 L 2 leg 0 pel 0/13 low 9.6
33.07 d0 -1.3 walk -9.0..9.0 my 207 elR (317,210) elL (203,202) elm R 9 L 2 leg 0 pel 0/13 low 9.6
restart 3 33.072670537233336 [20.335, -49.193, 0.6, 0.359, 40.752, 19.527, -0.6, 52.459, 17.761, -0.598, 70.127, 12.001, -71.967]
