905.33 d0 19.2 walk 3.2..35.5 my 217 elm L 1 R 9 hits 40 low 17.1
903.63 d0 19.0 walk 2.6..35.7 my 216 elm L 1 R 8 hits 40 low 17.0
857.96 d0 14.6 walk -0.6..30.3 my 214 elm L 1 R 9 hits 40 low 18.2
770.13 d0 19.8 walk 4.2..35.7 my 216 elm L 1 R 9 hits 29 low 17.1
757.06 d0 19.8 walk 2.6..37.4 my 216 elm L -1 R 9 hits 30 low 14.1
503.40 d0 19.5 walk 5.5..34.0 my 216 elm L 1 R 9 hits 10 low 17.1
463.05 d0 10.8 walk -4.9..27.1 my 216 elm L 0 R 9 hits 15 low 10.1
343.33 d0 3.4 walk -12.3..20.2 my 218 elm L -0 R 9 hits 9 low 2.7
288.34 d0 3.4 walk -8.2..16.2 my 214 elm L 0 R 9 hits 5 low 10.5
269.07 d0 3.2 walk -10.1..17.3 my 212 elm L -1 R 9 hits 4 low 8.9
262.18 d0 -0.8 walk -14.4..13.9 my 211 elm L -0 R 9 hits 4 low 10.9
252.14 d0 -0.1 walk -14.8..15.6 my 212 elm L -0 R 9 hits 4 low 9.6
251.76 d0 1.2 walk -13.1..16.5 my 211 elm L -0 R 9 hits 4 low 10.2
251.49 d0 0.4 walk -14.4..16.1 my 212 elm L -0 R 9 hits 4 low 9.5
248.74 d0 0.2 walk -15.0..16.2 my 211 elm L -0 R 9 hits 4 low 9.3
247.62 d0 1.8 walk -12.6..17.0 my 212 elm L -0 R 9 hits 4 low 10.3
247.25 d0 1.4 walk -13.2..16.9 my 212 elm L -0 R 9 hits 4 low 9.5
247.17 d0 0.1 walk -14.6..15.8 my 211 elm L -0 R 9 hits 4 low 9.9
247.08 d0 1.6 walk -13.0..17.2 my 212 elm L -0 R 9 hits 4 low 10.1
246.70 d0 1.0 walk -13.9..16.8 my 212 elm L -0 R 9 hits 4 low 9.8
246.39 d0 1.0 walk -13.7..16.6 my 212 elm L -0 R 9 hits 4 low 9.8
246.34 d0 0.8 walk -13.8..16.4 my 212 elm L -0 R 9 hits 4 low 9.8
246.18 d0 1.2 walk -13.3..16.7 my 212 elm L -0 R 9 hits 4 low 9.8
246.14 d0 1.4 walk -12.9..16.8 my 212 elm L -0 R 9 hits 4 low 10.1
245.96 d0 1.2 walk -13.4..16.8 my 212 elm L -0 R 9 hits 4 low 9.9
245.86 d0 1.5 walk -13.1..17.0 my 212 elm L -0 R 9 hits 4 low 9.9
245.77 d0 1.3 walk -13.2..16.8 my 212 elm L -0 R 9 hits 4 low 9.9
245.69 d0 1.5 walk -13.0..17.0 my 212 elm L -0 R 9 hits 4 low 9.9
245.63 d0 1.3 walk -13.4..17.0 my 212 elm L -0 R 9 hits 4 low 9.8
245.61 d0 1.5 walk -13.0..17.1 my 212 elm L -0 R 9 hits 4 low 9.9
245.56 d0 1.4 walk -13.2..17.0 my 212 elm L -0 R 9 hits 4 low 9.8
245.52 d0 1.4 walk -13.3..17.1 my 212 elm L -0 R 9 hits 4 low 9.7
245.50 d0 1.5 walk -13.0..17.1 my 212 elm L -0 R 9 hits 4 low 9.9
245.34 d0 1.6 walk -12.9..17.1 my 212 elm L -0 R 9 hits 4 low 10.0
245.32 d0 1.5 walk -13.0..17.0 my 212 elm L -0 R 9 hits 4 low 10.0
245.30 d0 1.4 walk -13.3..17.1 my 212 elm L -0 R 9 hits 4 low 9.8
245.14 d0 1.4 walk -13.4..17.2 my 212 elm L -0 R 9 hits 4 low 9.8
245.14 d0 1.5 walk -13.2..17.2 my 212 elm L -0 R 9 hits 4 low 9.9
245.10 d0 1.5 walk -13.2..17.1 my 212 elm L -0 R 9 hits 4 low 9.9
245.03 d0 1.6 walk -13.1..17.3 my 213 elm L -0 R 9 hits 4 low 9.8
244.89 d0 1.7 walk -12.9..17.4 my 213 elm L -0 R 9 hits 4 low 9.8
244.87 d0 1.6 walk -13.2..17.3 my 213 elm L -0 R 9 hits 4 low 9.8
restart 0 244.8721895267018 [11.326, -40.172, 0.519, 0.167, 40.048, 19.649, -0.607, 7.799, -30.913, 0.183, 0.137, 61.994, -8.782, -0.314]
244.78 d0 1.3 walk -13.7..17.2 my 213 elm L -0 R 9 hits 4 low 9.6
244.72 d0 1.1 walk -13.8..17.1 my 213 elm L -0 R 9 hits 4 low 9.5
244.69 d0 1.0 walk -13.8..16.9 my 213 elm L 0 R 9 hits 4 low 9.4
244.48 d0 0.8 walk -13.9..16.6 my 213 elm L 0 R 10 hits 4 low 9.2
244.41 d0 1.2 walk -13.6..16.9 my 213 elm L -0 R 9 hits 4 low 9.4
244.39 d0 1.2 walk -13.2..16.7 my 213 elm L -0 R 10 hits 4 low 9.4
244.17 d0 1.2 walk -12.9..16.3 my 213 elm L -0 R 10 hits 4 low 9.3
244.10 d0 1.0 walk -13.2..16.3 my 213 elm L -0 R 10 hits 4 low 9.2
243.77 d0 0.8 walk -13.1..15.8 my 213 elm L -0 R 10 hits 4 low 9.1
243.60 d0 0.9 walk -13.2..16.1 my 213 elm L 0 R 10 hits 4 low 9.0
243.56 d0 0.8 walk -12.9..15.6 my 213 elm L 0 R 10 hits 4 low 9.1
243.46 d0 0.7 walk -13.0..15.5 my 213 elm L 0 R 10 hits 4 low 9.0
243.35 d0 0.6 walk -12.9..15.2 my 213 elm L 0 R 11 hits 4 low 9.0
243.34 d0 0.7 walk -12.9..15.3 my 213 elm L 0 R 11 hits 4 low 9.0
243.33 d0 0.8 walk -12.8..15.4 my 213 elm L 0 R 11 hits 4 low 9.1
243.19 d0 0.8 walk -12.6..15.2 my 213 elm L 0 R 11 hits 4 low 9.1
243.00 d0 0.7 walk -12.7..15.3 my 213 elm L 0 R 11 hits 4 low 9.1
242.99 d0 0.8 walk -12.6..15.2 my 213 elm L 0 R 11 hits 4 low 9.0
242.94 d0 0.8 walk -12.5..15.2 my 213 elm L 0 R 11 hits 4 low 9.1
242.91 d0 0.8 walk -12.6..15.3 my 213 elm L 0 R 11 hits 4 low 9.1
242.87 d0 0.8 walk -12.6..15.2 my 213 elm L 0 R 11 hits 4 low 9.0
242.84 d0 0.7 walk -12.6..15.1 my 213 elm L 0 R 11 hits 4 low 9.0
242.78 d0 0.9 walk -12.5..15.4 my 213 elm L 0 R 11 hits 4 low 9.1
242.69 d0 0.9 walk -12.5..15.4 my 213 elm L 0 R 10 hits 4 low 9.2
242.67 d0 0.8 walk -12.5..15.2 my 213 elm L 0 R 11 hits 4 low 9.1
242.54 d0 0.8 walk -12.4..15.1 my 213 elm L 0 R 11 hits 4 low 9.1
242.50 d0 0.7 walk -12.6..15.2 my 213 elm L 0 R 10 hits 4 low 9.1
242.36 d0 0.7 walk -12.8..15.3 my 213 elm L 0 R 10 hits 4 low 9.0
242.33 d0 0.8 walk -12.4..15.1 my 213 elm L 0 R 10 hits 4 low 9.1
242.15 d0 0.8 walk -12.2..15.0 my 213 elm L 0 R 10 hits 4 low 9.2
242.15 d0 0.8 walk -12.5..15.2 my 213 elm L 0 R 10 hits 4 low 9.1
242.09 d0 0.8 walk -12.5..15.3 my 213 elm L 0 R 10 hits 4 low 9.2
242.07 d0 0.7 walk -12.5..15.1 my 213 elm L 0 R 10 hits 4 low 9.1
241.90 d0 0.6 walk -12.6..14.9 my 213 elm L 0 R 10 hits 4 low 9.1
241.87 d0 0.7 walk -12.4..14.8 my 213 elm L 0 R 10 hits 4 low 9.1
241.68 d0 0.5 walk -12.4..14.6 my 213 elm L 0 R 10 hits 4 low 9.1
241.65 d0 0.6 walk -12.3..14.6 my 213 elm L 0 R 10 hits 4 low 9.1
241.42 d0 0.5 walk -12.2..14.3 my 213 elm L 0 R 10 hits 4 low 9.1
restart 1 241.42385457948942 [10.275, -47.392, 0.527, 0.207, 41.259, 20.924, -0.634, 7.836, -32.145, 0.184, 0.116, 61.914, -7.154, -0.327]
241.36 d0 0.5 walk -12.5..14.7 my 213 elm L 0 R 10 hits 4 low 9.2
241.33 d0 0.6 walk -12.4..14.8 my 213 elm L 0 R 10 hits 4 low 9.1
241.31 d0 0.7 walk -12.2..14.7 my 213 elm L 0 R 10 hits 4 low 9.3
241.31 d0 0.6 walk -12.1..14.6 my 213 elm L 0 R 10 hits 4 low 9.3
241.13 d0 0.6 walk -12.4..14.8 my 213 elm L 0 R 10 hits 4 low 9.2
241.09 d0 0.3 walk -12.4..14.3 my 213 elm L 0 R 10 hits 4 low 9.2
241.05 d0 0.6 walk -12.2..14.7 my 213 elm L 0 R 10 hits 4 low 9.3
240.91 d0 0.6 walk -12.1..14.7 my 213 elm L 0 R 10 hits 4 low 9.4
240.90 d0 0.5 walk -12.2..14.4 my 213 elm L 0 R 10 hits 4 low 9.3
240.84 d0 0.6 walk -12.2..14.6 my 213 elm L 0 R 10 hits 4 low 9.3
240.74 d0 0.8 walk -11.9..14.8 my 213 elm L 0 R 10 hits 4 low 9.4
240.54 d0 1.0 walk -11.7..15.0 my 213 elm L 0 R 10 hits 4 low 9.5
240.54 d0 0.7 walk -12.0..14.7 my 213 elm L 0 R 10 hits 4 low 9.4
240.38 d0 0.7 walk -11.9..14.7 my 213 elm L 0 R 10 hits 4 low 9.4
240.35 d0 0.8 walk -11.8..14.7 my 213 elm L 0 R 10 hits 4 low 9.4
240.27 d0 0.9 walk -11.7..14.8 my 213 elm L 0 R 10 hits 4 low 9.4
240.19 d0 1.0 walk -11.5..14.9 my 213 elm L 0 R 10 hits 4 low 9.4
239.98 d0 1.1 walk -11.3..14.9 my 213 elm L 0 R 10 hits 4 low 9.5
239.97 d0 0.9 walk -11.5..14.6 my 213 elm L 0 R 10 hits 4 low 9.6
239.92 d0 1.1 walk -11.4..14.9 my 213 elm L 0 R 10 hits 4 low 9.5
239.86 d0 1.2 walk -11.2..15.0 my 214 elm L 0 R 10 hits 4 low 9.6
239.79 d0 1.1 walk -11.3..14.8 my 213 elm L 0 R 10 hits 4 low 9.5
239.77 d0 1.0 walk -11.4..14.7 my 213 elm L 0 R 10 hits 4 low 9.6
239.67 d0 0.9 walk -11.5..14.6 my 213 elm L 0 R 10 hits 4 low 9.7
239.66 d0 1.2 walk -11.1..14.8 my 214 elm L 0 R 11 hits 4 low 9.7
239.54 d0 1.3 walk -10.9..14.9 my 214 elm L 1 R 11 hits 4 low 9.8
239.54 d0 1.0 walk -11.3..14.7 my 214 elm L 0 R 10 hits 4 low 9.6
239.50 d0 1.2 walk -11.0..14.8 my 214 elm L 0 R 11 hits 4 low 9.7
239.45 d0 1.2 walk -10.9..14.8 my 214 elm L 1 R 11 hits 4 low 9.8
239.43 d0 1.1 walk -11.1..14.8 my 214 elm L 1 R 10 hits 4 low 9.8
239.34 d0 1.1 walk -11.1..14.8 my 214 elm L 1 R 10 hits 4 low 9.8
239.34 d0 1.4 walk -10.7..15.0 my 214 elm L 1 R 11 hits 4 low 9.8
239.16 d0 1.7 walk -10.4..15.2 my 214 elm L 1 R 11 hits 4 low 9.9
239.13 d0 1.3 walk -10.8..14.9 my 214 elm L 1 R 10 hits 4 low 10.0
238.98 d0 1.4 walk -10.6..14.9 my 214 elm L 1 R 10 hits 4 low 10.0
238.94 d0 1.4 walk -10.6..15.0 my 214 elm L 1 R 11 hits 4 low 10.0
238.78 d0 1.6 walk -10.3..15.1 my 214 elm L 1 R 11 hits 4 low 9.7
238.72 d0 1.6 walk -10.3..15.0 my 214 elm L 1 R 11 hits 4 low 9.8
238.35 d0 1.8 walk -9.9..15.2 my 214 elm L 1 R 11 hits 4 low 9.5
238.25 d0 1.9 walk -9.8..15.2 my 214 elm L 1 R 11 hits 4 low 9.4
238.21 d0 1.9 walk -9.8..15.3 my 214 elm L 1 R 11 hits 4 low 9.3
238.18 d0 2.0 walk -9.7..15.3 my 214 elm L 1 R 11 hits 4 low 9.2
238.12 d0 2.0 walk -9.7..15.3 my 214 elm L 1 R 11 hits 4 low 9.3
238.11 d0 2.0 walk -9.7..15.3 my 214 elm L 1 R 11 hits 4 low 9.3
238.10 d0 2.0 walk -9.7..15.4 my 214 elm L 1 R 11 hits 4 low 9.2
238.09 d0 1.8 walk -9.9..15.2 my 214 elm L 1 R 11 hits 4 low 9.2
237.82 d0 1.7 walk -10.0..15.2 my 214 elm L 1 R 10 hits 4 low 9.0
237.78 d0 1.9 walk -9.6..15.2 my 214 elm L 1 R 11 hits 4 low 9.0
237.72 d0 1.9 walk -9.6..15.1 my 214 elm L 1 R 11 hits 4 low 9.0
restart 2 237.7238829303782 [14.036, -54.895, 0.494, 0.149, 41.909, 21.331, -0.522, 7.871, -35.648, 0.189, 0.081, 61.398, -1.854, -0.483]
