28.43 d0 -2.0 walk -9.8..7.8 headR 200 elR (318,210) elm 8 bend 126 leg 0 pel 0 low 56.0
25.69 d0 1.4 walk -7.0..11.8 headR 203 elR (318,210) elm 8 bend 125 leg 0 pel 0 low 53.5
24.53 d0 -1.1 walk -9.7..9.6 headR 201 elR (320,210) elm 8 bend 124 leg 0 pel 0 low 56.3
24.09 d0 0.6 walk -8.0..11.3 headR 203 elR (318,210) elm 8 bend 125 leg 0 pel 0 low 56.0
20.89 d0 -0.8 walk -9.1..9.7 headR 201 elR (318,210) elm 8 bend 125 leg 0 pel 0 low 55.8
20.21 d0 -0.9 walk -8.9..9.1 headR 201 elR (318,210) elm 8 bend 125 leg 0 pel 0 low 55.7
19.27 d0 -0.9 walk -9.0..9.3 headR 201 elR (318,210) elm 8 bend 125 leg 0 pel 0 low 55.7
18.89 d0 -1.1 walk -9.0..8.9 headR 201 elR (318,210) elm 8 bend 125 leg 0 pel 0 low 55.5
18.85 d0 -1.0 walk -8.7..8.9 headR 201 elR (318,210) elm 8 bend 125 leg 0 pel 0 low 55.9
18.85 d0 -1.1 walk -8.9..8.8 headR 201 elR (318,210) elm 8 bend 125 leg 0 pel 0 low 55.8
18.47 d0 -1.1 walk -8.7..8.6 headR 201 elR (318,210) elm 8 bend 125 leg 0 pel 0 low 55.6
18.42 d0 -1.0 walk -8.8..8.8 headR 201 elR (318,210) elm 8 bend 125 leg 0 pel 0 low 55.5
18.34 d0 -1.1 walk -8.9..8.8 headR 201 elR (317,210) elm 8 bend 125 leg 0 pel 0 low 55.3
18.22 d0 -1.1 walk -8.7..8.6 headR 201 elR (318,210) elm 8 bend 125 leg 0 pel 0 low 55.6
18.20 d0 -1.1 walk -8.7..8.6 headR 201 elR (317,210) elm 8 bend 125 leg 0 pel 0 low 55.4
18.16 d0 -1.1 walk -8.7..8.6 headR 201 elR (317,210) elm 9 bend 125 leg 0 pel 0 low 55.2
18.03 d0 -1.0 walk -8.7..8.7 headR 201 elR (317,209) elm 9 bend 125 leg 0 pel 0 low 55.1
17.92 d0 -1.0 walk -8.7..8.8 headR 201 elR (317,209) elm 9 bend 125 leg 0 pel 0 low 54.8
17.90 d0 -1.1 walk -8.8..8.6 headR 201 elR (317,209) elm 9 bend 125 leg 0 pel 0 low 54.8
17.76 d0 -1.1 walk -8.8..8.6 headR 201 elR (317,209) elm 9 bend 125 leg 0 pel 0 low 54.4
17.55 d0 -1.0 walk -8.7..8.7 headR 201 elR (317,209) elm 9 bend 125 leg 0 pel 0 low 54.4
17.43 d0 -1.0 walk -8.7..8.6 headR 201 elR (317,209) elm 9 bend 125 leg 0 pel 0 low 54.2
17.25 d0 -1.0 walk -8.6..8.5 headR 201 elR (317,209) elm 9 bend 125 leg 0 pel 0 low 53.7
17.05 d0 -1.0 walk -8.5..8.4 headR 201 elR (317,209) elm 9 bend 125 leg 0 pel 0 low 53.9
16.96 d0 -1.1 walk -8.5..8.3 headR 201 elR (316,209) elm 9 bend 125 leg 0 pel 0 low 53.2
16.77 d0 -1.0 walk -8.4..8.4 headR 201 elR (316,209) elm 9 bend 125 leg 0 pel 0 low 52.6
16.75 d0 -1.0 walk -8.4..8.3 headR 201 elR (316,209) elm 9 bend 125 leg 0 pel 0 low 52.3
16.57 d0 -1.0 walk -8.3..8.3 headR 201 elR (316,209) elm 9 bend 125 leg 0 pel 0 low 51.8
16.48 d0 -0.9 walk -8.2..8.2 headR 201 elR (316,209) elm 9 bend 125 leg 0 pel 0 low 51.5
16.47 d0 -1.0 walk -8.2..8.2 headR 201 elR (316,209) elm 9 bend 125 leg 0 pel 0 low 51.4
16.32 d0 -0.9 walk -8.2..8.1 headR 201 elR (315,208) elm 9 bend 125 leg 0 pel 0 low 50.8
16.30 d0 -0.9 walk -8.0..8.1 headR 201 elR (315,208) elm 9 bend 125 leg 0 pel 0 low 50.0
16.13 d0 -0.9 walk -8.0..8.1 headR 201 elR (315,208) elm 9 bend 124 leg 0 pel 0 low 49.8
16.06 d0 -0.8 walk -7.9..8.0 headR 201 elR (315,208) elm 9 bend 124 leg 0 pel 0 low 49.0
16.01 d0 -0.8 walk -7.8..8.0 headR 201 elR (315,208) elm 9 bend 124 leg 0 pel 0 low 48.5
15.93 d0 -0.8 walk -7.7..8.0 headR 201 elR (314,208) elm 10 bend 124 leg 0 pel 0 low 47.8
15.80 d0 -0.8 walk -7.7..7.9 headR 201 elR (314,208) elm 10 bend 123 leg 0 pel 0 low 47.5
15.75 d0 -0.7 walk -7.5..7.9 headR 201 elR (314,208) elm 10 bend 123 leg 0 pel 0 low 46.3
15.75 d0 -0.9 walk -7.8..7.8 headR 201 elR (314,208) elm 9 bend 123 leg 0 pel 0 low 48.2
15.65 d0 -0.8 walk -7.7..7.8 headR 201 elR (314,208) elm 10 bend 123 leg 0 pel 0 low 47.2
15.51 d0 -0.8 walk -7.6..7.8 headR 201 elR (314,208) elm 10 bend 123 leg 0 pel 0 low 46.4
15.49 d0 -0.6 walk -7.4..7.7 headR 201 elR (313,208) elm 9 bend 122 leg 0 pel 0 low 45.1
15.45 d0 -0.9 walk -7.7..7.7 headR 201 elR (314,208) elm 10 bend 123 leg 0 pel 0 low 47.1
15.40 d0 -0.7 walk -7.5..7.7 headR 201 elR (313,208) elm 10 bend 122 leg 0 pel 0 low 45.4
15.39 d0 -0.6 walk -7.3..7.7 headR 201 elR (313,207) elm 9 bend 122 leg 0 pel 0 low 44.6
15.22 d0 -0.8 walk -7.5..7.6 headR 201 elR (313,208) elm 10 bend 122 leg 0 pel 0 low 45.7
15.19 d0 -0.8 walk -7.6..7.6 headR 201 elR (313,208) elm 10 bend 122 leg 0 pel 0 low 46.0
15.19 d0 -0.8 walk -7.6..7.6 headR 201 elR (313,208) elm 10 bend 122 leg 0 pel 0 low 46.1
15.16 d0 -0.8 walk -7.5..7.6 headR 201 elR (313,208) elm 10 bend 122 leg 0 pel 0 low 45.8
15.14 d0 -0.8 walk -7.5..7.6 headR 201 elR (313,208) elm 10 bend 122 leg 0 pel 0 low 45.6
15.12 d0 -0.8 walk -7.5..7.5 headR 201 elR (313,208) elm 10 bend 122 leg 0 pel 0 low 45.7
15.12 d0 -0.8 walk -7.5..7.5 headR 201 elR (313,208) elm 10 bend 122 leg 0 pel 0 low 45.6
15.12 d0 -0.8 walk -7.5..7.6 headR 201 elR (313,208) elm 10 bend 122 leg 0 pel 0 low 45.8
15.10 d0 -0.8 walk -7.5..7.5 headR 201 elR (313,208) elm 10 bend 122 leg 0 pel 0 low 45.9
15.08 d0 -0.8 walk -7.5..7.5 headR 201 elR (313,208) elm 10 bend 122 leg 0 pel 0 low 45.8
restart 0 15.083133646099704 [20.275, -74.369, 0.6, 0.064, 30.974, 4.821, -0.9]
14.70 d0 -0.8 walk -7.4..7.3 headR 201 elR (312,208) elm 9 bend 123 leg 0 pel 0 low 45.7
14.34 d0 -0.8 walk -7.1..7.1 headR 201 elR (311,208) elm 9 bend 124 leg 0 pel 0 low 45.6
14.20 d0 -0.8 walk -7.1..7.1 headR 201 elR (310,208) elm 9 bend 124 leg 0 pel 0 low 45.2
14.16 d0 -0.8 walk -7.0..6.9 headR 201 elR (310,208) elm 9 bend 125 leg 0 pel 0 low 45.1
14.08 d0 -0.8 walk -7.0..6.9 headR 201 elR (310,208) elm 9 bend 125 leg 0 pel 0 low 45.2
14.00 d0 -0.8 walk -7.0..6.9 headR 201 elR (310,208) elm 9 bend 125 leg 0 pel 0 low 45.1
13.94 d0 -0.8 walk -7.0..6.9 headR 201 elR (309,208) elm 9 bend 125 leg 0 pel 0 low 45.2
13.92 d0 -0.8 walk -7.0..6.9 headR 201 elR (309,208) elm 9 bend 125 leg 0 pel 0 low 45.2
13.90 d0 -0.8 walk -6.9..6.9 headR 201 elR (310,208) elm 9 bend 125 leg 0 pel 0 low 45.2
13.90 d0 -0.8 walk -6.9..6.9 headR 201 elR (309,208) elm 9 bend 125 leg 0 pel 0 low 45.3
13.90 d0 -0.8 walk -6.9..6.8 headR 201 elR (309,208) elm 9 bend 125 leg 0 pel 0 low 45.3
13.89 d0 -0.8 walk -6.9..6.9 headR 201 elR (309,208) elm 9 bend 125 leg 0 pel 0 low 45.3
13.87 d0 -0.8 walk -6.9..6.9 headR 201 elR (309,208) elm 9 bend 125 leg 0 pel 0 low 45.3
13.83 d0 -0.8 walk -6.9..6.9 headR 201 elR (310,208) elm 9 bend 125 leg 0 pel 0 low 45.4
13.80 d0 -0.8 walk -6.9..6.9 headR 201 elR (310,208) elm 9 bend 125 leg 0 pel 0 low 45.5
13.80 d0 -0.8 walk -6.9..6.9 headR 201 elR (310,208) elm 9 bend 125 leg 0 pel 0 low 45.4
13.77 d0 -0.8 walk -6.9..6.9 headR 201 elR (310,208) elm 9 bend 125 leg 0 pel 0 low 45.4
13.76 d0 -0.8 walk -6.9..6.9 headR 201 elR (310,207) elm 8 bend 125 leg 0 pel 0 low 45.4
13.75 d0 -0.8 walk -6.9..6.9 headR 201 elR (310,207) elm 8 bend 125 leg 0 pel 0 low 45.5
13.74 d0 -0.8 walk -6.9..6.9 headR 201 elR (310,207) elm 8 bend 125 leg 0 pel 0 low 45.5
13.73 d0 -0.8 walk -6.8..6.9 headR 201 elR (310,207) elm 8 bend 125 leg 0 pel 0 low 45.5
13.73 d0 -0.8 walk -6.9..6.9 headR 201 elR (310,207) elm 8 bend 125 leg 0 pel 0 low 45.5
13.73 d0 -0.8 walk -6.8..6.9 headR 201 elR (310,207) elm 8 bend 125 leg 0 pel 0 low 45.6
13.71 d0 -0.8 walk -6.8..6.9 headR 201 elR (310,207) elm 8 bend 125 leg 0 pel 0 low 45.6
13.71 d0 -0.8 walk -6.8..6.9 headR 201 elR (310,207) elm 8 bend 125 leg 0 pel 0 low 45.6
13.69 d0 -0.8 walk -6.8..6.8 headR 201 elR (310,207) elm 8 bend 125 leg 0 pel 0 low 45.6
13.69 d0 -0.8 walk -6.8..6.8 headR 201 elR (310,207) elm 8 bend 125 leg 0 pel 0 low 45.7
13.66 d0 -0.8 walk -6.8..6.8 headR 201 elR (310,207) elm 8 bend 125 leg 0 pel 0 low 45.8
13.66 d0 -0.8 walk -6.8..6.8 headR 201 elR (310,207) elm 8 bend 125 leg 0 pel 0 low 45.7
13.64 d0 -0.8 walk -6.8..6.8 headR 201 elR (310,207) elm 8 bend 125 leg 0 pel 0 low 45.7
13.64 d0 -0.8 walk -6.8..6.8 headR 201 elR (310,207) elm 8 bend 125 leg 0 pel 0 low 45.8
13.61 d0 -0.8 walk -6.8..6.8 headR 201 elR (310,207) elm 8 bend 125 leg 0 pel 0 low 45.9
13.60 d0 -0.8 walk -6.8..6.8 headR 201 elR (310,207) elm 8 bend 125 leg 0 pel 0 low 46.0
13.58 d0 -0.8 walk -6.7..6.8 headR 201 elR (310,207) elm 8 bend 125 leg 0 pel 0 low 46.1
13.58 d0 -0.8 walk -6.8..6.8 headR 201 elR (310,207) elm 8 bend 125 leg 0 pel 0 low 45.9
13.57 d0 -0.8 walk -6.7..6.8 headR 201 elR (310,207) elm 8 bend 125 leg 0 pel 0 low 46.1
13.52 d0 -0.8 walk -6.7..6.8 headR 201 elR (311,207) elm 8 bend 125 leg 0 pel 0 low 46.2
13.52 d0 -0.8 walk -6.7..6.8 headR 201 elR (311,207) elm 8 bend 125 leg 0 pel 0 low 46.2
13.48 d0 -0.8 walk -6.7..6.7 headR 201 elR (311,207) elm 7 bend 125 leg 0 pel 0 low 46.5
13.42 d0 -0.8 walk -6.7..6.7 headR 201 elR (311,207) elm 7 bend 125 leg 0 pel 0 low 46.5
13.34 d0 -0.8 walk -6.6..6.7 headR 201 elR (311,206) elm 7 bend 125 leg 0 pel 0 low 46.8
13.30 d0 -0.8 walk -6.6..6.6 headR 201 elR (312,206) elm 7 bend 125 leg 0 pel 0 low 47.1
13.21 d0 -0.8 walk -6.5..6.6 headR 201 elR (312,206) elm 6 bend 125 leg 0 pel 0 low 47.4
13.19 d0 -0.8 walk -6.5..6.6 headR 201 elR (312,206) elm 6 bend 125 leg 0 pel 0 low 47.5
13.07 d0 -0.9 walk -6.5..6.5 headR 201 elR (313,205) elm 6 bend 124 leg 0 pel 0 low 48.0
12.99 d0 -0.9 walk -6.4..6.5 headR 201 elR (313,205) elm 6 bend 124 leg 0 pel 0 low 48.3
12.91 d0 -0.9 walk -6.4..6.4 headR 201 elR (314,204) elm 5 bend 124 leg 0 pel 0 low 48.9
12.85 d0 -0.9 walk -6.4..6.4 headR 201 elR (314,204) elm 5 bend 124 leg 0 pel 0 low 48.9
12.83 d0 -0.9 walk -6.3..6.3 headR 201 elR (314,204) elm 4 bend 124 leg 0 pel 0 low 49.2
12.76 d0 -0.9 walk -6.3..6.3 headR 201 elR (314,204) elm 4 bend 124 leg 0 pel 0 low 49.5
12.75 d0 -0.9 walk -6.3..6.3 headR 201 elR (314,204) elm 4 bend 124 leg 0 pel 0 low 49.3
12.73 d0 -0.9 walk -6.3..6.3 headR 201 elR (314,204) elm 4 bend 124 leg 0 pel 0 low 49.5
restart 1 12.727279700692328 [29.644, -102.119, 0.606, 0.028, 32.926, 4.534, -0.9]
12.58 d0 -0.9 walk -6.3..6.3 headR 201 elR (314,204) elm 4 bend 124 leg 0 pel 0 low 49.2
12.58 d0 -0.9 walk -6.2..6.3 headR 201 elR (314,204) elm 4 bend 125 leg 0 pel 0 low 49.1
12.57 d0 -0.8 walk -6.2..6.3 headR 201 elR (313,204) elm 4 bend 125 leg 0 pel 0 low 48.9
12.56 d0 -0.9 walk -6.3..6.2 headR 201 elR (314,204) elm 4 bend 124 leg 0 pel 0 low 49.3
12.46 d0 -0.9 walk -6.2..6.2 headR 201 elR (314,204) elm 4 bend 125 leg 0 pel 0 low 49.1
12.42 d0 -0.9 walk -6.2..6.1 headR 201 elR (313,204) elm 4 bend 125 leg 0 pel 0 low 49.0
12.39 d0 -0.9 walk -6.2..6.2 headR 201 elR (313,204) elm 4 bend 125 leg 0 pel 0 low 49.0
12.35 d0 -0.9 walk -6.1..6.1 headR 201 elR (313,204) elm 4 bend 125 leg 0 pel 0 low 48.8
12.33 d0 -0.9 walk -6.1..6.1 headR 201 elR (313,204) elm 4 bend 125 leg 0 pel 0 low 49.0
12.29 d0 -0.9 walk -6.1..6.1 headR 201 elR (313,204) elm 4 bend 125 leg 0 pel 0 low 48.9
12.29 d0 -0.9 walk -6.1..6.1 headR 201 elR (313,204) elm 4 bend 125 leg 0 pel 0 low 49.0
12.28 d0 -0.9 walk -6.1..6.1 headR 201 elR (313,204) elm 4 bend 125 leg 0 pel 0 low 48.9
12.28 d0 -0.9 walk -6.1..6.1 headR 201 elR (313,204) elm 4 bend 125 leg 0 pel 0 low 49.0
12.28 d0 -0.9 walk -6.1..6.1 headR 201 elR (313,204) elm 4 bend 125 leg 0 pel 0 low 49.0
12.28 d0 -0.9 walk -6.1..6.1 headR 201 elR (313,204) elm 4 bend 125 leg 0 pel 0 low 49.0
12.28 d0 -0.9 walk -6.1..6.1 headR 201 elR (313,204) elm 4 bend 125 leg 0 pel 0 low 49.0
12.28 d0 -0.9 walk -6.1..6.1 headR 201 elR (313,204) elm 4 bend 125 leg 0 pel 0 low 49.0
12.28 d0 -0.9 walk -6.1..6.1 headR 201 elR (313,204) elm 4 bend 125 leg 0 pel 0 low 49.0
12.28 d0 -0.9 walk -6.1..6.1 headR 201 elR (313,204) elm 4 bend 125 leg 0 pel 0 low 49.0
12.28 d0 -0.9 walk -6.1..6.1 headR 201 elR (313,204) elm 4 bend 125 leg 0 pel 0 low 49.0
12.28 d0 -0.9 walk -6.1..6.1 headR 201 elR (313,204) elm 4 bend 125 leg 0 pel 0 low 49.0
12.28 d0 -0.9 walk -6.1..6.1 headR 201 elR (313,204) elm 4 bend 125 leg 0 pel 0 low 49.0
12.28 d0 -0.9 walk -6.1..6.1 headR 201 elR (313,204) elm 4 bend 125 leg 0 pel 0 low 49.0
12.28 d0 -0.9 walk -6.1..6.1 headR 201 elR (313,204) elm 4 bend 125 leg 0 pel 0 low 49.0
12.28 d0 -0.9 walk -6.1..6.1 headR 201 elR (313,204) elm 4 bend 125 leg 0 pel 0 low 49.0
12.28 d0 -0.9 walk -6.1..6.1 headR 201 elR (313,204) elm 4 bend 125 leg 0 pel 0 low 49.0
12.28 d0 -0.9 walk -6.1..6.1 headR 201 elR (313,204) elm 4 bend 125 leg 0 pel 0 low 49.0
12.28 d0 -0.9 walk -6.1..6.1 headR 201 elR (313,204) elm 4 bend 125 leg 0 pel 0 low 49.0
12.28 d0 -0.9 walk -6.1..6.1 headR 201 elR (313,204) elm 4 bend 125 leg 0 pel 0 low 49.0
12.28 d0 -0.9 walk -6.1..6.1 headR 201 elR (313,204) elm 4 bend 125 leg 0 pel 0 low 49.0
12.28 d0 -0.9 walk -6.1..6.1 headR 201 elR (313,204) elm 4 bend 125 leg 0 pel 0 low 49.0
12.28 d0 -0.9 walk -6.1..6.1 headR 201 elR (313,204) elm 4 bend 125 leg 0 pel 0 low 49.0
12.28 d0 -0.9 walk -6.1..6.1 headR 201 elR (313,204) elm 4 bend 125 leg 0 pel 0 low 49.0
12.28 d0 -0.9 walk -6.1..6.1 headR 201 elR (313,204) elm 4 bend 125 leg 0 pel 0 low 49.0
12.28 d0 -0.9 walk -6.1..6.1 headR 201 elR (313,204) elm 4 bend 125 leg 0 pel 0 low 49.0
12.28 d0 -0.9 walk -6.1..6.1 headR 201 elR (313,204) elm 4 bend 125 leg 0 pel 0 low 49.0
restart 2 12.27502881879294 [27.025, -101.469, 0.601, 0.029, 33.0, 4.16, -0.9]
