23.25 d0 -2.0 walk -7.3..4.8 headR 200 elR (318,210) elm 8 bend 126 leg 0 pel 0 low 53.8
19.68 d0 1.4 walk -4.5..8.8 headR 203 elR (318,210) elm 8 bend 125 leg 0 pel 0 low 51.5
19.37 d0 -1.1 walk -7.1..6.6 headR 201 elR (320,210) elm 7 bend 124 leg 0 pel 0 low 54.1
18.65 d0 -1.0 walk -8.6..8.5 headR 201 elR (318,210) elm 8 bend 125 leg 0 pel 0 low 55.0
18.21 d0 0.6 walk -5.5..8.4 headR 203 elR (318,210) elm 8 bend 125 leg 0 pel 0 low 54.0
14.90 d0 -0.8 walk -6.5..6.7 headR 201 elR (318,210) elm 8 bend 125 leg 0 pel 0 low 53.7
14.44 d0 -1.0 walk -6.7..6.4 headR 201 elR (318,210) elm 8 bend 125 leg 0 pel 0 low 53.3
14.00 d0 -1.2 walk -6.5..5.8 headR 201 elR (318,210) elm 8 bend 125 leg 0 pel 0 low 53.1
13.66 d0 -0.7 walk -6.2..6.5 headR 201 elR (318,210) elm 8 bend 125 leg 0 pel 0 low 53.4
13.63 d0 -0.6 walk -5.9..6.4 headR 201 elR (318,210) elm 8 bend 125 leg 0 pel 0 low 53.3
13.45 d0 -0.9 walk -6.3..6.1 headR 201 elR (318,210) elm 8 bend 125 leg 0 pel 0 low 53.0
13.36 d0 -0.7 walk -6.1..6.3 headR 201 elR (318,210) elm 8 bend 125 leg 0 pel 0 low 52.9
13.12 d0 -0.8 walk -6.1..6.1 headR 201 elR (318,210) elm 8 bend 125 leg 0 pel 0 low 53.1
13.00 d0 -0.8 walk -6.1..6.1 headR 201 elR (318,210) elm 8 bend 125 leg 0 pel 0 low 53.0
12.97 d0 -0.8 walk -6.1..6.1 headR 201 elR (317,210) elm 8 bend 125 leg 0 pel 0 low 53.0
12.95 d0 -0.8 walk -6.1..6.1 headR 201 elR (317,210) elm 8 bend 125 leg 0 pel 0 low 53.0
12.91 d0 -0.8 walk -6.1..6.1 headR 201 elR (317,210) elm 8 bend 125 leg 0 pel 0 low 53.0
12.90 d0 -0.8 walk -6.1..6.1 headR 201 elR (318,210) elm 8 bend 125 leg 0 pel 0 low 53.0
12.90 d0 -0.8 walk -6.1..6.1 headR 201 elR (318,210) elm 8 bend 125 leg 0 pel 0 low 53.0
12.89 d0 -0.8 walk -6.1..6.1 headR 201 elR (317,210) elm 8 bend 125 leg 0 pel 0 low 53.0
12.89 d0 -0.8 walk -6.1..6.1 headR 201 elR (317,210) elm 8 bend 125 leg 0 pel 0 low 53.0
12.89 d0 -0.8 walk -6.1..6.1 headR 201 elR (318,210) elm 8 bend 125 leg 0 pel 0 low 53.0
12.88 d0 -0.8 walk -6.1..6.1 headR 201 elR (318,210) elm 8 bend 125 leg 0 pel 0 low 53.0
12.87 d0 -0.8 walk -6.1..6.1 headR 201 elR (318,210) elm 8 bend 125 leg 0 pel 0 low 53.0
12.86 d0 -0.8 walk -6.1..6.1 headR 201 elR (318,210) elm 8 bend 125 leg 0 pel 0 low 53.0
12.86 d0 -0.8 walk -6.1..6.1 headR 201 elR (318,210) elm 8 bend 125 leg 0 pel 0 low 52.9
12.86 d0 -0.8 walk -6.1..6.1 headR 201 elR (318,210) elm 8 bend 125 leg 0 pel 0 low 52.9
12.86 d0 -0.8 walk -6.1..6.1 headR 201 elR (318,210) elm 8 bend 125 leg 0 pel 0 low 52.9
12.86 d0 -0.8 walk -6.1..6.1 headR 201 elR (318,210) elm 8 bend 125 leg 0 pel 0 low 52.9
12.85 d0 -0.8 walk -6.1..6.1 headR 201 elR (318,210) elm 8 bend 125 leg 0 pel 0 low 52.9
12.85 d0 -0.8 walk -6.1..6.1 headR 201 elR (318,210) elm 8 bend 125 leg 0 pel 0 low 52.9
12.85 d0 -0.8 walk -6.1..6.1 headR 201 elR (318,210) elm 8 bend 125 leg 0 pel 0 low 52.9
12.85 d0 -0.8 walk -6.1..6.1 headR 201 elR (318,210) elm 8 bend 125 leg 0 pel 0 low 52.9
12.85 d0 -0.8 walk -6.1..6.1 headR 201 elR (318,210) elm 8 bend 125 leg 0 pel 0 low 52.9
12.85 d0 -0.8 walk -6.1..6.1 headR 201 elR (318,210) elm 8 bend 125 leg 0 pel 0 low 52.9
12.85 d0 -0.8 walk -6.1..6.1 headR 201 elR (318,210) elm 8 bend 125 leg 0 pel 0 low 52.9
restart 0 12.853103500986586 [21.235, -51.292, 0.634, 0.38, 34.137, 22.587, -1.1]
12.85 d0 -0.8 walk -6.1..6.1 headR 201 elR (318,210) elm 8 bend 125 leg 0 pel 0 low 53.0
12.85 d0 -0.8 walk -6.1..6.1 headR 201 elR (318,210) elm 8 bend 125 leg 0 pel 0 low 52.9
12.83 d0 -0.8 walk -6.1..6.1 headR 201 elR (318,210) elm 8 bend 125 leg 0 pel 0 low 53.0
12.82 d0 -0.8 walk -6.1..6.1 headR 201 elR (318,210) elm 8 bend 125 leg 0 pel 0 low 53.0
12.82 d0 -0.8 walk -6.1..6.1 headR 201 elR (318,210) elm 8 bend 125 leg 0 pel 0 low 53.0
12.82 d0 -0.8 walk -6.1..6.1 headR 201 elR (318,210) elm 8 bend 125 leg 0 pel 0 low 53.1
12.80 d0 -0.8 walk -6.1..6.1 headR 201 elR (318,210) elm 8 bend 125 leg 0 pel 0 low 53.0
12.78 d0 -0.8 walk -6.1..6.1 headR 201 elR (318,210) elm 8 bend 125 leg 0 pel 0 low 53.1
12.76 d0 -0.8 walk -6.1..6.2 headR 201 elR (318,210) elm 8 bend 125 leg 0 pel 0 low 53.2
12.76 d0 -0.8 walk -6.1..6.2 headR 201 elR (318,210) elm 8 bend 125 leg 0 pel 0 low 53.2
12.75 d0 -0.8 walk -6.1..6.1 headR 201 elR (318,210) elm 8 bend 125 leg 0 pel 0 low 53.1
12.73 d0 -0.8 walk -6.1..6.1 headR 201 elR (318,210) elm 8 bend 125 leg 0 pel 0 low 53.1
12.73 d0 -0.8 walk -6.1..6.1 headR 201 elR (318,210) elm 8 bend 125 leg 0 pel 0 low 53.3
12.72 d0 -0.8 walk -6.1..6.1 headR 201 elR (318,210) elm 8 bend 125 leg 0 pel 0 low 53.2
12.72 d0 -0.8 walk -6.1..6.2 headR 201 elR (318,210) elm 8 bend 125 leg 0 pel 0 low 53.3
12.67 d0 -0.8 walk -6.1..6.1 headR 201 elR (318,210) elm 8 bend 125 leg 0 pel 0 low 53.2
12.67 d0 -0.8 walk -6.1..6.1 headR 201 elR (318,210) elm 8 bend 125 leg 0 pel 0 low 53.2
12.65 d0 -0.8 walk -6.1..6.1 headR 201 elR (318,210) elm 8 bend 125 leg 0 pel 0 low 53.2
12.65 d0 -0.8 walk -6.1..6.1 headR 201 elR (318,210) elm 8 bend 125 leg 0 pel 0 low 53.2
12.64 d0 -0.8 walk -6.1..6.1 headR 201 elR (318,210) elm 8 bend 125 leg 0 pel 0 low 53.2
12.64 d0 -0.8 walk -6.1..6.1 headR 201 elR (318,210) elm 8 bend 125 leg 0 pel 0 low 53.2
12.64 d0 -0.8 walk -6.1..6.1 headR 201 elR (318,210) elm 8 bend 125 leg 0 pel 0 low 53.2
12.64 d0 -0.8 walk -6.1..6.1 headR 201 elR (318,210) elm 8 bend 125 leg 0 pel 0 low 53.2
12.64 d0 -0.8 walk -6.1..6.1 headR 201 elR (318,210) elm 8 bend 125 leg 0 pel 0 low 53.2
12.64 d0 -0.8 walk -6.1..6.1 headR 201 elR (318,210) elm 8 bend 125 leg 0 pel 0 low 53.2
12.63 d0 -0.8 walk -6.1..6.1 headR 201 elR (318,210) elm 8 bend 125 leg 0 pel 0 low 53.2
12.63 d0 -0.8 walk -6.1..6.1 headR 201 elR (318,210) elm 8 bend 125 leg 0 pel 0 low 53.2
12.63 d0 -0.8 walk -6.1..6.1 headR 201 elR (318,210) elm 8 bend 125 leg 0 pel 0 low 53.2
12.63 d0 -0.8 walk -6.1..6.1 headR 201 elR (318,210) elm 8 bend 125 leg 0 pel 0 low 53.2
12.63 d0 -0.8 walk -6.1..6.1 headR 201 elR (318,210) elm 8 bend 125 leg 0 pel 0 low 53.2
12.63 d0 -0.8 walk -6.1..6.1 headR 201 elR (318,210) elm 8 bend 125 leg 0 pel 0 low 53.2
restart 1 12.633405209040664 [22.209, -52.62, 0.619, 0.368, 34.042, 22.91, -1.098]
12.63 d0 -0.8 walk -6.1..6.1 headR 201 elR (318,210) elm 8 bend 125 leg 0 pel 0 low 53.1
12.61 d0 -0.8 walk -6.1..6.1 headR 201 elR (318,210) elm 8 bend 125 leg 0 pel 0 low 53.1
12.61 d0 -0.8 walk -6.1..6.1 headR 201 elR (318,210) elm 8 bend 125 leg 0 pel 0 low 53.1
12.61 d0 -0.8 walk -6.1..6.1 headR 201 elR (318,210) elm 8 bend 125 leg 0 pel 0 low 53.1
12.60 d0 -0.8 walk -6.1..6.1 headR 201 elR (318,210) elm 8 bend 125 leg 0 pel 0 low 53.1
12.60 d0 -0.8 walk -6.1..6.1 headR 201 elR (318,210) elm 8 bend 125 leg 0 pel 0 low 53.1
12.60 d0 -0.8 walk -6.1..6.1 headR 201 elR (318,210) elm 8 bend 125 leg 0 pel 0 low 53.1
12.60 d0 -0.8 walk -6.1..6.1 headR 201 elR (318,210) elm 8 bend 125 leg 0 pel 0 low 53.1
12.60 d0 -0.8 walk -6.1..6.1 headR 201 elR (318,210) elm 8 bend 125 leg 0 pel 0 low 53.1
12.59 d0 -0.8 walk -6.1..6.1 headR 201 elR (318,210) elm 8 bend 125 leg 0 pel 0 low 53.1
12.59 d0 -0.8 walk -6.1..6.1 headR 201 elR (318,210) elm 8 bend 125 leg 0 pel 0 low 53.1
12.59 d0 -0.8 walk -6.1..6.1 headR 201 elR (318,210) elm 8 bend 125 leg 0 pel 0 low 53.1
12.59 d0 -0.8 walk -6.1..6.1 headR 201 elR (318,210) elm 8 bend 125 leg 0 pel 0 low 53.1
12.59 d0 -0.8 walk -6.1..6.1 headR 201 elR (318,210) elm 8 bend 125 leg 0 pel 0 low 53.1
12.59 d0 -0.8 walk -6.1..6.1 headR 201 elR (318,210) elm 8 bend 125 leg 0 pel 0 low 53.1
12.59 d0 -0.8 walk -6.1..6.1 headR 201 elR (318,210) elm 8 bend 125 leg 0 pel 0 low 53.1
12.59 d0 -0.8 walk -6.1..6.1 headR 201 elR (318,210) elm 8 bend 125 leg 0 pel 0 low 53.1
12.59 d0 -0.8 walk -6.1..6.1 headR 201 elR (318,210) elm 8 bend 125 leg 0 pel 0 low 53.1
12.59 d0 -0.8 walk -6.1..6.1 headR 201 elR (318,210) elm 8 bend 125 leg 0 pel 0 low 53.1
12.59 d0 -0.8 walk -6.1..6.1 headR 201 elR (318,210) elm 8 bend 125 leg 0 pel 0 low 53.1
12.59 d0 -0.8 walk -6.1..6.1 headR 201 elR (318,210) elm 8 bend 125 leg 0 pel 0 low 53.1
12.58 d0 -0.8 walk -6.1..6.1 headR 201 elR (318,210) elm 8 bend 125 leg 0 pel 0 low 53.1
12.58 d0 -0.8 walk -6.1..6.1 headR 201 elR (318,210) elm 8 bend 125 leg 0 pel 0 low 53.1
12.58 d0 -0.8 walk -6.1..6.1 headR 201 elR (318,210) elm 8 bend 125 leg 0 pel 0 low 53.1
12.58 d0 -0.8 walk -6.1..6.1 headR 201 elR (318,210) elm 8 bend 125 leg 0 pel 0 low 53.1
12.58 d0 -0.8 walk -6.1..6.1 headR 201 elR (318,210) elm 8 bend 125 leg 0 pel 0 low 53.1
12.58 d0 -0.8 walk -6.1..6.1 headR 201 elR (318,210) elm 8 bend 125 leg 0 pel 0 low 53.1
12.58 d0 -0.8 walk -6.1..6.1 headR 201 elR (318,210) elm 8 bend 125 leg 0 pel 0 low 53.1
12.58 d0 -0.8 walk -6.1..6.1 headR 201 elR (318,210) elm 8 bend 125 leg 0 pel 0 low 53.1
12.58 d0 -0.8 walk -6.1..6.1 headR 201 elR (318,210) elm 8 bend 125 leg 0 pel 0 low 53.1
12.58 d0 -0.8 walk -6.1..6.1 headR 201 elR (318,210) elm 8 bend 125 leg 0 pel 0 low 53.1
restart 2 12.583457481909015 [22.199, -52.593, 0.618, 0.367, 34.078, 22.844, -1.1]
