31.60 d0 -2.0 walk -11.2..9.3 headR 200 elR (318,210) elm 8 bend 126 leg 0 pel 0 low 8.9
26.70 d0 -1.2 walk -10.5..10.5 headR 200 elR (318,210) elm 8 bend 126 leg 0 pel 0 low 8.5
25.51 d0 -1.0 walk -10.9..11.3 headR 201 elR (319,210) elm 8 bend 124 leg 0 pel 0 low 9.0
23.58 d0 -1.1 walk -10.5..10.7 headR 201 elR (318,210) elm 8 bend 126 leg 0 pel 0 low 9.0
22.94 d0 -1.4 walk -10.8..10.4 headR 200 elR (318,210) elm 8 bend 125 leg 0 pel 0 low 9.1
22.88 d0 -1.1 walk -10.3..10.5 headR 201 elR (318,210) elm 8 bend 124 leg 0 pel 0 low 9.3
20.95 d0 -1.3 walk -10.1..10.0 headR 201 elR (318,210) elm 8 bend 125 leg 0 pel 0 low 9.1
20.92 d0 -1.2 walk -9.8..10.0 headR 201 elR (318,210) elm 8 bend 125 leg 0 pel 0 low 9.3
19.97 d0 -1.2 walk -9.5..9.7 headR 201 elR (318,210) elm 8 bend 125 leg 0 pel 0 low 9.4
19.88 d0 -1.2 walk -9.3..9.6 headR 201 elR (318,210) elm 8 bend 125 leg 0 pel 0 low 9.4
19.40 d0 -1.1 walk -8.7..9.3 headR 201 elR (318,210) elm 8 bend 125 leg 0 pel 0 low 9.6
19.27 d0 -1.2 walk -8.6..9.1 headR 202 elR (318,210) elm 8 bend 125 leg 0 pel 0 low 9.6
18.83 d0 -1.4 walk -9.0..8.9 headR 201 elR (318,210) elm 8 bend 125 leg 0 pel 0 low 9.8
18.67 d0 -1.4 walk -8.7..8.9 headR 202 elR (318,210) elm 8 bend 125 leg 0 pel 0 low 9.5
18.48 d0 -1.2 walk -8.3..8.8 headR 202 elR (318,210) elm 8 bend 125 leg 0 pel 0 low 9.8
18.45 d0 -1.4 walk -8.6..8.8 headR 201 elR (318,210) elm 8 bend 125 leg 0 pel 0 low 9.7
18.29 d0 -1.4 walk -8.6..8.7 headR 201 elR (318,210) elm 8 bend 125 leg 0 pel 0 low 9.7
18.23 d0 -1.5 walk -8.7..8.6 headR 202 elR (318,210) elm 8 bend 125 leg 0 pel 0 low 9.5
18.09 d0 -1.4 walk -8.5..8.6 headR 202 elR (318,210) elm 8 bend 125 leg 0 pel 0 low 9.7
18.00 d0 -1.4 walk -8.2..8.5 headR 202 elR (318,210) elm 8 bend 125 leg 0 pel 0 low 9.9
17.97 d0 -1.4 walk -8.5..8.5 headR 202 elR (318,210) elm 8 bend 125 leg 0 pel 0 low 9.7
17.96 d0 -1.5 walk -8.5..8.5 headR 202 elR (318,210) elm 8 bend 125 leg 0 pel 0 low 9.7
17.95 d0 -1.5 walk -8.5..8.5 headR 202 elR (318,210) elm 8 bend 125 leg 0 pel 0 low 9.7
17.91 d0 -1.5 walk -8.5..8.5 headR 202 elR (318,210) elm 8 bend 125 leg 0 pel 0 low 9.7
17.87 d0 -1.5 walk -8.4..8.4 headR 202 elR (318,210) elm 8 bend 125 leg 0 pel 0 low 9.7
17.84 d0 -1.4 walk -8.3..8.4 headR 202 elR (318,210) elm 8 bend 125 leg 0 pel 0 low 9.9
17.76 d0 -1.5 walk -8.3..8.4 headR 202 elR (318,210) elm 8 bend 125 leg 0 pel 0 low 9.8
17.74 d0 -1.5 walk -8.3..8.3 headR 202 elR (318,210) elm 8 bend 125 leg 0 pel 0 low 9.9
17.72 d0 -1.5 walk -8.3..8.3 headR 202 elR (318,210) elm 8 bend 125 leg 0 pel 0 low 9.9
17.71 d0 -1.5 walk -8.3..8.3 headR 202 elR (318,210) elm 8 bend 125 leg 0 pel 0 low 9.9
17.68 d0 -1.5 walk -8.3..8.3 headR 202 elR (318,210) elm 8 bend 125 leg 0 pel 0 low 9.9
17.68 d0 -1.5 walk -8.3..8.3 headR 202 elR (318,210) elm 8 bend 125 leg 0 pel 0 low 9.9
17.63 d0 -1.5 walk -8.3..8.3 headR 202 elR (318,210) elm 8 bend 125 leg 0 pel 0 low 9.9
17.62 d0 -1.5 walk -8.3..8.3 headR 202 elR (318,210) elm 8 bend 125 leg 0 pel 0 low 9.9
17.62 d0 -1.5 walk -8.3..8.3 headR 202 elR (318,210) elm 8 bend 125 leg 0 pel 0 low 10.0
17.57 d0 -1.5 walk -8.2..8.2 headR 202 elR (318,210) elm 8 bend 125 leg 0 pel 0 low 10.0
17.56 d0 -1.5 walk -8.2..8.2 headR 202 elR (318,210) elm 8 bend 125 leg 0 pel 0 low 10.0
17.56 d0 -1.5 walk -8.2..8.2 headR 202 elR (318,210) elm 8 bend 125 leg 0 pel 0 low 10.0
17.51 d0 -1.5 walk -8.2..8.2 headR 202 elR (318,210) elm 8 bend 125 leg 0 pel 0 low 10.0
17.50 d0 -1.5 walk -8.2..8.2 headR 202 elR (318,210) elm 8 bend 125 leg 0 pel 0 low 10.1
17.48 d0 -1.5 walk -8.2..8.2 headR 202 elR (318,210) elm 8 bend 125 leg 0 pel 0 low 10.0
restart 0 17.480134482585502 [21.13, -50.466, 0.657, 0.408, 33.879, 24.929, -0.799, 57.32, 21.931, -0.8]
17.44 d0 -1.5 walk -8.2..8.2 headR 202 elR (318,210) elm 8 bend 125 leg 0 pel 0 low 10.1
17.35 d0 -1.5 walk -8.2..8.2 headR 202 elR (318,210) elm 8 bend 125 leg 0 pel 0 low 10.2
17.33 d0 -1.5 walk -8.2..8.2 headR 202 elR (318,210) elm 8 bend 125 leg 0 pel 0 low 10.2
17.27 d0 -1.5 walk -8.1..8.1 headR 202 elR (318,210) elm 8 bend 125 leg 0 pel 0 low 10.2
17.26 d0 -1.5 walk -8.2..8.1 headR 202 elR (318,210) elm 8 bend 125 leg 0 pel 0 low 10.2
17.16 d0 -1.5 walk -8.1..8.1 headR 202 elR (318,210) elm 8 bend 125 leg 0 pel 0 low 10.3
17.09 d0 -1.5 walk -8.1..8.1 headR 202 elR (317,210) elm 8 bend 125 leg 0 pel 0 low 10.4
16.96 d0 -1.5 walk -8.1..8.0 headR 202 elR (317,210) elm 8 bend 125 leg 0 pel 0 low 10.5
16.94 d0 -1.5 walk -8.1..8.0 headR 202 elR (317,210) elm 8 bend 125 leg 0 pel 0 low 10.6
16.92 d0 -1.5 walk -8.1..8.0 headR 202 elR (317,210) elm 8 bend 125 leg 0 pel 0 low 10.5
16.87 d0 -1.5 walk -8.1..8.0 headR 202 elR (317,210) elm 8 bend 125 leg 0 pel 0 low 10.5
16.81 d0 -1.5 walk -8.1..8.0 headR 202 elR (317,210) elm 8 bend 125 leg 0 pel 0 low 10.6
16.80 d0 -1.5 walk -8.1..8.0 headR 202 elR (317,210) elm 8 bend 125 leg 0 pel 0 low 10.6
16.71 d0 -1.5 walk -8.1..8.0 headR 203 elR (317,210) elm 9 bend 125 leg 0 pel 0 low 10.7
16.68 d0 -1.5 walk -8.0..8.0 headR 203 elR (317,210) elm 9 bend 125 leg 0 pel 0 low 10.7
16.61 d0 -1.5 walk -8.0..7.9 headR 203 elR (317,210) elm 9 bend 125 leg 0 pel 0 low 10.8
16.57 d0 -1.4 walk -8.0..7.9 headR 203 elR (317,210) elm 9 bend 125 leg 0 pel 0 low 10.8
16.49 d0 -1.4 walk -8.0..7.9 headR 203 elR (317,210) elm 9 bend 125 leg 0 pel 0 low 10.8
16.44 d0 -1.4 walk -8.0..7.9 headR 203 elR (317,210) elm 9 bend 125 leg 0 pel 0 low 10.8
16.38 d0 -1.4 walk -7.9..7.9 headR 203 elR (317,210) elm 9 bend 125 leg 0 pel 0 low 10.8
16.37 d0 -1.5 walk -8.0..7.8 headR 203 elR (317,210) elm 9 bend 125 leg 0 pel 0 low 10.8
16.31 d0 -1.5 walk -8.0..7.8 headR 203 elR (317,210) elm 9 bend 125 leg 0 pel 0 low 10.9
16.29 d0 -1.5 walk -7.9..7.8 headR 203 elR (317,210) elm 9 bend 125 leg 0 pel 0 low 10.8
16.25 d0 -1.4 walk -7.9..7.8 headR 203 elR (317,210) elm 9 bend 125 leg 0 pel 0 low 10.8
16.13 d0 -1.4 walk -7.9..7.8 headR 204 elR (317,210) elm 9 bend 125 leg 0 pel 0 low 10.9
16.04 d0 -1.4 walk -7.9..7.8 headR 204 elR (316,210) elm 9 bend 125 leg 0 pel 0 low 10.9
15.93 d0 -1.4 walk -7.9..7.8 headR 204 elR (316,210) elm 9 bend 125 leg 0 pel 0 low 11.0
restart 1 15.929886520044217 [19.916, -52.555, 0.609, 0.325, 34.794, 23.811, -0.794, 56.426, 2.608, -0.797]
15.70 d0 -1.3 walk -7.7..7.7 headR 204 elR (316,210) elm 9 bend 125 leg 0 pel 0 low 11.1
15.65 d0 -1.3 walk -7.7..7.7 headR 204 elR (316,210) elm 9 bend 125 leg 0 pel 0 low 11.1
15.64 d0 -1.3 walk -7.7..7.7 headR 204 elR (316,210) elm 9 bend 125 leg 0 pel 0 low 11.1
15.61 d0 -1.3 walk -7.6..7.6 headR 204 elR (316,210) elm 9 bend 125 leg 0 pel 0 low 11.1
15.60 d0 -1.3 walk -7.6..7.7 headR 204 elR (316,210) elm 9 bend 125 leg 0 pel 0 low 11.1
15.58 d0 -1.3 walk -7.6..7.6 headR 204 elR (316,210) elm 9 bend 125 leg 0 pel 0 low 11.1
15.56 d0 -1.4 walk -7.6..7.6 headR 204 elR (316,210) elm 9 bend 125 leg 0 pel 0 low 11.1
15.55 d0 -1.4 walk -7.6..7.6 headR 204 elR (316,210) elm 9 bend 125 leg 0 pel 0 low 11.1
15.54 d0 -1.4 walk -7.5..7.5 headR 204 elR (316,210) elm 9 bend 125 leg 0 pel 0 low 11.1
15.49 d0 -1.3 walk -7.6..7.6 headR 204 elR (316,210) elm 9 bend 125 leg 0 pel 0 low 11.1
15.46 d0 -1.3 walk -7.6..7.6 headR 204 elR (316,210) elm 9 bend 125 leg 0 pel 0 low 11.1
15.42 d0 -1.3 walk -7.5..7.5 headR 204 elR (316,210) elm 9 bend 125 leg 0 pel 0 low 11.1
15.39 d0 -1.3 walk -7.5..7.5 headR 204 elR (316,210) elm 9 bend 125 leg 0 pel 0 low 11.1
15.39 d0 -1.3 walk -7.5..7.5 headR 204 elR (316,210) elm 9 bend 125 leg 0 pel 0 low 11.1
15.38 d0 -1.3 walk -7.5..7.5 headR 204 elR (316,210) elm 9 bend 125 leg 0 pel 0 low 11.1
15.38 d0 -1.3 walk -7.5..7.5 headR 204 elR (316,210) elm 9 bend 125 leg 0 pel 0 low 11.1
15.37 d0 -1.3 walk -7.5..7.5 headR 204 elR (316,210) elm 9 bend 125 leg 0 pel 0 low 11.1
15.37 d0 -1.3 walk -7.5..7.5 headR 204 elR (316,210) elm 9 bend 125 leg 0 pel 0 low 11.1
15.37 d0 -1.3 walk -7.5..7.5 headR 204 elR (316,210) elm 9 bend 125 leg 0 pel 0 low 11.1
15.37 d0 -1.3 walk -7.5..7.5 headR 204 elR (316,210) elm 9 bend 125 leg 0 pel 0 low 11.1
15.36 d0 -1.3 walk -7.5..7.5 headR 204 elR (316,210) elm 9 bend 125 leg 0 pel 0 low 11.1
15.36 d0 -1.3 walk -7.5..7.5 headR 204 elR (316,210) elm 9 bend 125 leg 0 pel 0 low 11.1
15.36 d0 -1.3 walk -7.5..7.5 headR 204 elR (316,210) elm 9 bend 125 leg 0 pel 0 low 11.1
15.35 d0 -1.3 walk -7.5..7.5 headR 204 elR (316,210) elm 9 bend 125 leg 0 pel 0 low 11.1
restart 2 15.350032881480033 [20.416, -54.602, 0.621, 0.324, 34.983, 23.135, -0.8, 55.998, 0.675, -0.8]
