210.19 d0 16.4 walk 3.9..30.7 headR 218 elR (315,210) elm 10 bend 125 leg 0 pel 0 low 34.4
206.22 d0 16.0 walk 3.1..30.8 headR 218 elR (318,209) elm 9 bend 123 leg 0 pel 0 low 34.4
171.91 d0 12.4 walk 0.8..26.1 headR 214 elR (315,210) elm 10 bend 129 leg 0 pel 0 low 40.3
164.28 d0 12.2 walk -1.5..28.1 headR 214 elR (316,210) elm 9 bend 123 leg 0 pel 0 low 38.5
106.89 d0 7.2 walk -7.0..23.9 headR 209 elR (317,210) elm 9 bend 122 leg 0 pel 0 low 44.1
85.97 d0 5.0 walk -7.0..19.5 headR 207 elR (317,209) elm 9 bend 129 leg 0 pel 0 low 47.2
46.91 d0 -1.1 walk -12.5..13.0 headR 201 elR (317,208) elm 9 bend 132 leg 0 pel 0 low 55.9
44.56 d0 0.6 walk -12.2..16.0 headR 203 elR (319,209) elm 8 bend 128 leg 0 pel 0 low 49.9
44.18 d0 -1.4 walk -14.4..14.3 headR 201 elR (317,210) elm 9 bend 130 leg 0 pel 0 low 52.1
42.79 d0 1.5 walk -12.1..17.8 headR 203 elR (318,209) elm 9 bend 127 leg 0 pel 0 low 48.9
41.64 d0 -1.2 walk -14.7..15.1 headR 201 elR (318,209) elm 9 bend 129 leg 0 pel 0 low 51.2
39.94 d0 0.9 walk -14.6..19.1 headR 203 elR (319,210) elm 8 bend 125 leg 0 pel 0 low 44.1
39.79 d0 -0.7 walk -14.6..15.9 headR 201 elR (318,210) elm 9 bend 127 leg 0 pel 0 low 49.8
37.44 d0 -1.5 walk -15.6..15.4 headR 201 elR (319,210) elm 8 bend 127 leg 0 pel 0 low 50.2
36.80 d0 -1.1 walk -16.1..16.6 headR 201 elR (317,210) elm 9 bend 126 leg 0 pel 0 low 48.4
33.88 d0 -1.2 walk -14.5..14.7 headR 201 elR (318,210) elm 8 bend 126 leg 0 pel 0 low 51.9
33.06 d0 -0.7 walk -15.2..16.5 headR 201 elR (318,210) elm 8 bend 125 leg 0 pel 0 low 48.4
32.85 d0 -1.3 walk -16.3..16.4 headR 201 elR (318,210) elm 8 bend 124 leg 0 pel 0 low 48.4
31.63 d0 -1.5 walk -15.4..15.1 headR 201 elR (318,210) elm 8 bend 125 leg 0 pel 0 low 50.5
30.82 d0 -1.1 walk -14.0..14.5 headR 201 elR (318,210) elm 9 bend 126 leg 0 pel 0 low 52.1
30.44 d0 -1.0 walk -13.0..13.5 headR 201 elR (318,210) elm 9 bend 126 leg 0 pel 0 low 53.9
30.24 d0 -1.2 walk -14.9..15.0 headR 201 elR (318,210) elm 8 bend 125 leg 0 pel 0 low 50.9
30.18 d0 -1.3 walk -14.9..14.8 headR 201 elR (317,210) elm 9 bend 124 leg 0 pel 0 low 51.0
29.03 d0 -1.2 walk -14.1..14.3 headR 201 elR (318,210) elm 8 bend 125 leg 0 pel 0 low 52.0
28.60 d0 -1.2 walk -13.4..13.6 headR 201 elR (318,210) elm 8 bend 125 leg 0 pel 0 low 53.0
28.17 d0 -0.8 walk -12.9..13.7 headR 201 elR (318,210) elm 9 bend 125 leg 0 pel 0 low 53.1
27.82 d0 -1.4 walk -13.6..13.4 headR 201 elR (318,210) elm 8 bend 125 leg 0 pel 0 low 53.3
27.62 d0 -1.2 walk -13.3..13.5 headR 201 elR (318,210) elm 8 bend 125 leg 0 pel 0 low 53.2
27.45 d0 -1.3 walk -13.4..13.4 headR 201 elR (318,210) elm 8 bend 125 leg 0 pel 0 low 53.3
27.35 d0 -1.3 walk -13.4..13.3 headR 201 elR (318,210) elm 8 bend 125 leg 0 pel 0 low 53.3
27.25 d0 -1.3 walk -13.3..13.3 headR 201 elR (318,210) elm 8 bend 125 leg 0 pel 0 low 53.3
27.23 d0 -1.3 walk -13.3..13.3 headR 201 elR (318,210) elm 8 bend 125 leg 0 pel 0 low 53.4
27.17 d0 -1.3 walk -13.2..13.3 headR 201 elR (318,210) elm 8 bend 125 leg 0 pel 0 low 53.4
27.14 d0 -1.3 walk -13.2..13.2 headR 201 elR (318,210) elm 8 bend 125 leg 0 pel 0 low 53.4
27.13 d0 -1.3 walk -13.2..13.2 headR 201 elR (318,210) elm 8 bend 125 leg 0 pel 0 low 53.5
27.12 d0 -1.3 walk -13.2..13.3 headR 201 elR (318,210) elm 8 bend 125 leg 0 pel 0 low 53.4
27.10 d0 -1.3 walk -13.2..13.2 headR 201 elR (318,210) elm 8 bend 125 leg 0 pel 0 low 53.4
27.09 d0 -1.3 walk -13.2..13.2 headR 201 elR (318,210) elm 8 bend 125 leg 0 pel 0 low 53.4
27.08 d0 -1.3 walk -13.2..13.2 headR 201 elR (318,210) elm 8 bend 125 leg 0 pel 0 low 53.4
27.07 d0 -1.3 walk -13.2..13.2 headR 201 elR (318,210) elm 8 bend 125 leg 0 pel 0 low 53.5
27.07 d0 -1.3 walk -13.2..13.2 headR 201 elR (318,210) elm 8 bend 125 leg 0 pel 0 low 53.5
27.05 d0 -1.3 walk -13.2..13.2 headR 201 elR (318,210) elm 8 bend 125 leg 0 pel 0 low 53.5
27.05 d0 -1.3 walk -13.2..13.2 headR 201 elR (318,210) elm 8 bend 125 leg 0 pel 0 low 53.5
27.03 d0 -1.3 walk -13.2..13.2 headR 201 elR (318,210) elm 8 bend 125 leg 0 pel 0 low 53.4
27.03 d0 -1.3 walk -13.2..13.2 headR 201 elR (318,210) elm 8 bend 125 leg 0 pel 0 low 53.5
27.02 d0 -1.3 walk -13.2..13.2 headR 201 elR (318,210) elm 8 bend 125 leg 0 pel 0 low 53.4
27.02 d0 -1.3 walk -13.2..13.2 headR 201 elR (318,210) elm 8 bend 125 leg 0 pel 0 low 53.4
27.02 d0 -1.3 walk -13.2..13.2 headR 201 elR (318,210) elm 8 bend 125 leg 0 pel 0 low 53.5
27.02 d0 -1.3 walk -13.2..13.2 headR 201 elR (318,210) elm 8 bend 125 leg 0 pel 0 low 53.4
27.02 d0 -1.3 walk -13.2..13.2 headR 201 elR (318,210) elm 8 bend 125 leg 0 pel 0 low 53.5
27.01 d0 -1.3 walk -13.2..13.2 headR 201 elR (318,210) elm 8 bend 125 leg 0 pel 0 low 53.5
27.01 d0 -1.3 walk -13.2..13.2 headR 201 elR (318,210) elm 8 bend 125 leg 0 pel 0 low 53.5
27.01 d0 -1.3 walk -13.2..13.2 headR 201 elR (318,210) elm 8 bend 125 leg 0 pel 0 low 53.5
27.01 d0 -1.3 walk -13.2..13.2 headR 201 elR (318,210) elm 8 bend 125 leg 0 pel 0 low 53.5
27.01 d0 -1.3 walk -13.2..13.2 headR 201 elR (318,210) elm 8 bend 125 leg 0 pel 0 low 53.5
27.01 d0 -1.3 walk -13.2..13.2 headR 201 elR (318,210) elm 8 bend 125 leg 0 pel 0 low 53.5
27.01 d0 -1.3 walk -13.2..13.2 headR 201 elR (318,210) elm 8 bend 125 leg 0 pel 0 low 53.5
27.01 d0 -1.3 walk -13.2..13.2 headR 201 elR (318,210) elm 8 bend 125 leg 0 pel 0 low 53.5
27.01 d0 -1.3 walk -13.2..13.2 headR 201 elR (318,210) elm 8 bend 125 leg 0 pel 0 low 53.5
27.01 d0 -1.3 walk -13.2..13.2 headR 201 elR (318,210) elm 8 bend 125 leg 0 pel 0 low 53.5
restart 0 27.012059910352892 [21.676, -50.674, 0.629, 0.389, 33.948, 22.965, -0.6]
27.01 d0 -1.3 walk -13.2..13.2 headR 201 elR (318,210) elm 8 bend 125 leg 0 pel 0 low 53.5
27.01 d0 -1.3 walk -13.2..13.2 headR 201 elR (318,210) elm 8 bend 125 leg 0 pel 0 low 53.5
27.01 d0 -1.3 walk -13.2..13.2 headR 201 elR (318,210) elm 8 bend 125 leg 0 pel 0 low 53.5
27.01 d0 -1.3 walk -13.2..13.2 headR 201 elR (318,210) elm 8 bend 125 leg 0 pel 0 low 53.5
27.01 d0 -1.3 walk -13.2..13.2 headR 201 elR (318,210) elm 8 bend 125 leg 0 pel 0 low 53.5
27.01 d0 -1.3 walk -13.2..13.2 headR 201 elR (318,210) elm 8 bend 125 leg 0 pel 0 low 53.5
27.01 d0 -1.3 walk -13.2..13.2 headR 201 elR (318,210) elm 8 bend 125 leg 0 pel 0 low 53.5
27.01 d0 -1.3 walk -13.2..13.2 headR 201 elR (318,210) elm 8 bend 125 leg 0 pel 0 low 53.5
27.01 d0 -1.3 walk -13.2..13.2 headR 201 elR (318,210) elm 8 bend 125 leg 0 pel 0 low 53.5
27.01 d0 -1.3 walk -13.2..13.2 headR 201 elR (318,210) elm 8 bend 125 leg 0 pel 0 low 53.5
27.01 d0 -1.3 walk -13.2..13.2 headR 201 elR (318,210) elm 8 bend 125 leg 0 pel 0 low 53.5
27.01 d0 -1.3 walk -13.2..13.2 headR 201 elR (318,210) elm 8 bend 125 leg 0 pel 0 low 53.5
27.01 d0 -1.3 walk -13.2..13.2 headR 201 elR (318,210) elm 8 bend 125 leg 0 pel 0 low 53.5
27.01 d0 -1.3 walk -13.2..13.2 headR 201 elR (318,210) elm 8 bend 125 leg 0 pel 0 low 53.5
27.01 d0 -1.3 walk -13.2..13.2 headR 201 elR (318,210) elm 8 bend 125 leg 0 pel 0 low 53.5
27.01 d0 -1.3 walk -13.2..13.2 headR 201 elR (318,210) elm 8 bend 125 leg 0 pel 0 low 53.5
27.00 d0 -1.3 walk -13.2..13.2 headR 201 elR (318,210) elm 8 bend 125 leg 0 pel 0 low 53.5
27.00 d0 -1.3 walk -13.2..13.2 headR 201 elR (318,210) elm 8 bend 125 leg 0 pel 0 low 53.5
27.00 d0 -1.3 walk -13.2..13.2 headR 201 elR (318,210) elm 8 bend 125 leg 0 pel 0 low 53.5
27.00 d0 -1.3 walk -13.2..13.2 headR 201 elR (318,210) elm 8 bend 125 leg 0 pel 0 low 53.5
27.00 d0 -1.3 walk -13.2..13.2 headR 201 elR (318,210) elm 8 bend 125 leg 0 pel 0 low 53.5
restart 1 27.00471585858822 [21.68, -50.677, 0.629, 0.389, 33.946, 22.969, -0.6]
27.00 d0 -1.3 walk -13.2..13.2 headR 201 elR (318,210) elm 8 bend 125 leg 0 pel 0 low 53.5
27.00 d0 -1.3 walk -13.2..13.2 headR 201 elR (318,210) elm 8 bend 125 leg 0 pel 0 low 53.5
26.99 d0 -1.3 walk -13.2..13.2 headR 201 elR (318,210) elm 8 bend 125 leg 0 pel 0 low 53.5
26.99 d0 -1.3 walk -13.2..13.2 headR 201 elR (318,210) elm 8 bend 125 leg 0 pel 0 low 53.5
26.99 d0 -1.3 walk -13.2..13.2 headR 201 elR (318,210) elm 8 bend 125 leg 0 pel 0 low 53.5
26.99 d0 -1.3 walk -13.2..13.2 headR 201 elR (318,210) elm 8 bend 125 leg 0 pel 0 low 53.5
26.98 d0 -1.3 walk -13.2..13.2 headR 201 elR (318,210) elm 8 bend 125 leg 0 pel 0 low 53.5
26.98 d0 -1.3 walk -13.2..13.2 headR 201 elR (318,210) elm 8 bend 125 leg 0 pel 0 low 53.5
26.98 d0 -1.3 walk -13.2..13.2 headR 201 elR (318,210) elm 8 bend 125 leg 0 pel 0 low 53.5
26.98 d0 -1.3 walk -13.2..13.2 headR 201 elR (318,210) elm 8 bend 125 leg 0 pel 0 low 53.5
26.98 d0 -1.3 walk -13.2..13.2 headR 201 elR (318,210) elm 8 bend 125 leg 0 pel 0 low 53.5
26.98 d0 -1.3 walk -13.2..13.2 headR 201 elR (318,210) elm 8 bend 125 leg 0 pel 0 low 53.5
26.98 d0 -1.3 walk -13.2..13.2 headR 201 elR (318,210) elm 8 bend 125 leg 0 pel 0 low 53.5
26.98 d0 -1.3 walk -13.2..13.2 headR 201 elR (318,210) elm 8 bend 125 leg 0 pel 0 low 53.5
26.98 d0 -1.3 walk -13.2..13.2 headR 201 elR (318,210) elm 8 bend 125 leg 0 pel 0 low 53.5
26.98 d0 -1.3 walk -13.2..13.2 headR 201 elR (318,210) elm 8 bend 125 leg 0 pel 0 low 53.5
26.98 d0 -1.3 walk -13.2..13.2 headR 201 elR (318,210) elm 8 bend 125 leg 0 pel 0 low 53.5
26.98 d0 -1.3 walk -13.2..13.2 headR 201 elR (318,210) elm 8 bend 125 leg 0 pel 0 low 53.5
26.98 d0 -1.3 walk -13.2..13.2 headR 201 elR (318,210) elm 8 bend 125 leg 0 pel 0 low 53.5
26.98 d0 -1.3 walk -13.2..13.2 headR 201 elR (318,210) elm 8 bend 125 leg 0 pel 0 low 53.5
26.98 d0 -1.3 walk -13.2..13.2 headR 201 elR (318,210) elm 8 bend 125 leg 0 pel 0 low 53.5
26.98 d0 -1.3 walk -13.2..13.2 headR 201 elR (318,210) elm 8 bend 125 leg 0 pel 0 low 53.5
26.98 d0 -1.3 walk -13.2..13.2 headR 201 elR (318,210) elm 8 bend 125 leg 0 pel 0 low 53.5
26.98 d0 -1.3 walk -13.2..13.2 headR 201 elR (318,210) elm 8 bend 125 leg 0 pel 0 low 53.5
26.98 d0 -1.3 walk -13.2..13.2 headR 201 elR (318,210) elm 8 bend 125 leg 0 pel 0 low 53.5
restart 2 26.981754934113074 [21.642, -50.866, 0.631, 0.388, 33.985, 22.738, -0.6]
