26.35 d0 -2.0 walk -8.5..6.3 headR 200 elR (318,210) elm 8 bend 126 leg 0 pel 0 low 8.9
21.44 d0 -1.2 walk -7.9..7.5 headR 200 elR (318,210) elm 8 bend 126 leg 0 pel 0 low 8.5
20.80 d0 1.2 walk -2.9..8.3 headR 202 elR (319,210) elm 8 bend 124 leg 0 pel 0 low 11.3
20.60 d0 -1.4 walk -8.3..7.5 headR 200 elR (318,210) elm 8 bend 126 leg 0 pel 0 low 9.1
17.83 d0 -0.9 walk -7.6..7.7 headR 201 elR (318,210) elm 8 bend 126 leg 0 pel 0 low 9.2
17.34 d0 -1.6 walk -7.2..6.6 headR 200 elR (318,210) elm 8 bend 125 leg 0 pel 0 low 10.7
14.85 d0 -0.4 walk -5.1..6.9 headR 200 elR (318,210) elm 8 bend 125 leg 0 pel 0 low 11.2
13.18 d0 -0.2 walk -3.6..5.9 headR 200 elR (318,210) elm 8 bend 125 leg 0 pel 0 low 12.0
11.56 d0 -0.9 walk -3.7..5.0 headR 200 elR (318,210) elm 8 bend 124 leg 0 pel 0 low 11.6
11.32 d0 -1.3 walk -4.4..4.7 headR 199 elR (318,210) elm 8 bend 124 leg 0 pel 0 low 11.7
11.17 d0 -0.7 walk -2.9..4.6 headR 200 elR (318,210) elm 8 bend 124 leg 0 pel 0 low 11.4
11.08 d0 -1.1 walk -3.6..4.5 headR 199 elR (318,210) elm 8 bend 124 leg 0 pel 0 low 11.5
9.26 d0 -1.3 walk -3.3..3.7 headR 199 elR (318,210) elm 8 bend 124 leg 0 pel 0 low 11.6
9.01 d0 -1.3 walk -3.2..3.6 headR 199 elR (318,210) elm 8 bend 124 leg 0 pel 0 low 11.5
8.93 d0 -1.5 walk -3.5..3.5 headR 199 elR (318,210) elm 8 bend 124 leg 0 pel 0 low 11.4
8.88 d0 -1.3 walk -3.1..3.5 headR 199 elR (318,210) elm 8 bend 124 leg 0 pel 0 low 11.5
8.72 d0 -1.3 walk -2.9..3.3 headR 199 elR (318,210) elm 8 bend 124 leg 0 pel 0 low 11.4
8.51 d0 -1.5 walk -3.2..3.4 headR 199 elR (318,210) elm 8 bend 125 leg 0 pel 0 low 11.5
8.33 d0 -1.5 walk -3.3..3.3 headR 199 elR (318,210) elm 8 bend 124 leg 0 pel 0 low 11.5
8.28 d0 -1.5 walk -3.2..3.1 headR 199 elR (318,210) elm 8 bend 124 leg 0 pel 0 low 11.4
8.22 d0 -1.3 walk -2.9..3.2 headR 199 elR (318,210) elm 8 bend 124 leg 0 pel 0 low 11.5
8.05 d0 -1.4 walk -2.9..3.1 headR 199 elR (318,210) elm 8 bend 124 leg 0 pel 0 low 11.5
8.00 d0 -1.4 walk -3.0..3.0 headR 199 elR (318,210) elm 8 bend 124 leg 0 pel 0 low 11.5
7.90 d0 -1.4 walk -2.9..3.0 headR 199 elR (318,210) elm 8 bend 125 leg 0 pel 0 low 11.5
7.88 d0 -1.4 walk -3.0..2.9 headR 198 elR (318,210) elm 8 bend 124 leg 0 pel 0 low 11.5
7.79 d0 -1.4 walk -2.9..2.9 headR 198 elR (318,210) elm 8 bend 125 leg 0 pel 0 low 11.5
7.78 d0 -1.4 walk -2.9..2.9 headR 198 elR (318,210) elm 8 bend 124 leg 0 pel 0 low 11.5
7.77 d0 -1.4 walk -2.9..2.9 headR 199 elR (318,210) elm 8 bend 125 leg 0 pel 0 low 11.5
7.76 d0 -1.4 walk -2.9..2.9 headR 198 elR (318,210) elm 8 bend 125 leg 0 pel 0 low 11.5
7.74 d0 -1.4 walk -2.9..2.9 headR 198 elR (318,210) elm 8 bend 124 leg 0 pel 0 low 11.5
7.72 d0 -1.4 walk -2.9..2.9 headR 198 elR (318,210) elm 8 bend 125 leg 0 pel 0 low 11.5
7.71 d0 -1.4 walk -2.9..2.9 headR 198 elR (318,210) elm 8 bend 125 leg 0 pel 0 low 11.5
7.71 d0 -1.4 walk -2.9..2.9 headR 198 elR (318,210) elm 8 bend 125 leg 0 pel 0 low 11.5
7.70 d0 -1.4 walk -2.9..2.9 headR 199 elR (318,210) elm 8 bend 125 leg 0 pel 0 low 11.5
7.69 d0 -1.4 walk -2.9..2.9 headR 198 elR (318,210) elm 8 bend 125 leg 0 pel 0 low 11.5
7.69 d0 -1.4 walk -2.9..2.9 headR 198 elR (318,210) elm 8 bend 125 leg 0 pel 0 low 11.5
restart 0 7.691212760718292 [21.786, -53.316, 0.698, 0.415, 31.845, 21.675, -1.0, 54.795, 28.379, -1.0]
7.63 d0 -1.4 walk -2.8..2.9 headR 198 elR (317,210) elm 8 bend 125 leg 0 pel 0 low 11.5
7.55 d0 -1.3 walk -2.8..2.9 headR 198 elR (317,210) elm 8 bend 125 leg 0 pel 0 low 11.6
7.52 d0 -1.4 walk -2.8..2.8 headR 198 elR (317,210) elm 8 bend 125 leg 0 pel 0 low 11.6
7.43 d0 -1.3 walk -2.8..2.9 headR 198 elR (317,210) elm 8 bend 125 leg 0 pel 0 low 11.7
7.42 d0 -1.3 walk -2.8..2.9 headR 198 elR (317,210) elm 8 bend 125 leg 0 pel 0 low 11.7
7.37 d0 -1.3 walk -2.8..2.9 headR 198 elR (317,210) elm 8 bend 125 leg 0 pel 0 low 11.7
7.36 d0 -1.3 walk -2.8..2.8 headR 198 elR (317,210) elm 8 bend 125 leg 0 pel 0 low 11.7
7.34 d0 -1.3 walk -2.8..2.8 headR 198 elR (317,210) elm 8 bend 125 leg 0 pel 0 low 11.7
7.28 d0 -1.3 walk -2.8..2.8 headR 198 elR (317,210) elm 8 bend 125 leg 0 pel 0 low 11.7
7.27 d0 -1.3 walk -2.8..2.8 headR 198 elR (317,210) elm 8 bend 125 leg 0 pel 0 low 11.7
7.21 d0 -1.3 walk -2.8..2.8 headR 198 elR (317,210) elm 8 bend 125 leg 0 pel 0 low 11.7
7.21 d0 -1.3 walk -2.7..2.8 headR 198 elR (317,210) elm 8 bend 125 leg 0 pel 0 low 11.7
7.20 d0 -1.3 walk -2.8..2.8 headR 198 elR (317,210) elm 8 bend 125 leg 0 pel 0 low 11.7
7.19 d0 -1.3 walk -2.8..2.8 headR 198 elR (317,210) elm 8 bend 125 leg 0 pel 0 low 11.8
7.18 d0 -1.3 walk -2.8..2.8 headR 198 elR (317,210) elm 8 bend 125 leg 0 pel 0 low 11.7
7.17 d0 -1.3 walk -2.8..2.8 headR 198 elR (317,210) elm 8 bend 125 leg 0 pel 0 low 11.8
7.16 d0 -1.3 walk -2.8..2.8 headR 198 elR (317,210) elm 8 bend 125 leg 0 pel 0 low 11.8
7.13 d0 -1.3 walk -2.8..2.8 headR 198 elR (317,210) elm 8 bend 125 leg 0 pel 0 low 11.8
7.13 d0 -1.3 walk -2.8..2.8 headR 198 elR (317,210) elm 8 bend 125 leg 0 pel 0 low 11.8
7.11 d0 -1.3 walk -2.8..2.8 headR 198 elR (317,210) elm 8 bend 125 leg 0 pel 0 low 11.8
7.09 d0 -1.3 walk -2.8..2.8 headR 198 elR (317,210) elm 8 bend 125 leg 0 pel 0 low 11.8
7.06 d0 -1.3 walk -2.7..2.8 headR 198 elR (317,210) elm 8 bend 125 leg 0 pel 0 low 11.9
7.04 d0 -1.3 walk -2.8..2.8 headR 198 elR (317,210) elm 8 bend 125 leg 0 pel 0 low 11.9
7.01 d0 -1.3 walk -2.8..2.9 headR 198 elR (317,210) elm 8 bend 125 leg 0 pel 0 low 11.9
6.99 d0 -1.3 walk -2.7..2.9 headR 198 elR (317,210) elm 8 bend 125 leg 0 pel 0 low 11.9
6.94 d0 -1.2 walk -2.7..2.9 headR 197 elR (317,210) elm 8 bend 125 leg 0 pel 0 low 12.0
6.93 d0 -1.3 walk -2.7..2.9 headR 197 elR (317,210) elm 8 bend 125 leg 0 pel 0 low 12.0
6.89 d0 -1.3 walk -2.7..2.9 headR 197 elR (317,210) elm 8 bend 125 leg 0 pel 0 low 12.1
6.88 d0 -1.3 walk -2.7..2.9 headR 197 elR (317,210) elm 8 bend 125 leg 0 pel 0 low 12.1
restart 1 6.881958848462587 [21.567, -54.631, 0.655, 0.371, 30.923, 20.177, -1.0, 53.716, 29.83, -0.998]
6.81 d0 -1.4 walk -2.9..2.9 headR 197 elR (318,210) elm 8 bend 125 leg 0 pel 0 low 12.2
6.79 d0 -1.4 walk -2.9..2.8 headR 197 elR (318,210) elm 8 bend 125 leg 0 pel 0 low 12.1
6.77 d0 -1.4 walk -2.9..2.8 headR 197 elR (318,210) elm 8 bend 125 leg 0 pel 0 low 12.2
6.67 d0 -1.4 walk -2.8..2.8 headR 197 elR (318,210) elm 8 bend 125 leg 0 pel 0 low 12.2
6.66 d0 -1.4 walk -2.9..2.8 headR 197 elR (318,210) elm 8 bend 125 leg 0 pel 0 low 12.2
6.65 d0 -1.4 walk -2.8..2.8 headR 197 elR (318,210) elm 8 bend 125 leg 0 pel 0 low 12.2
6.61 d0 -1.3 walk -2.8..2.8 headR 197 elR (317,210) elm 8 bend 125 leg 0 pel 0 low 12.2
6.59 d0 -1.3 walk -2.8..2.8 headR 197 elR (317,210) elm 8 bend 125 leg 0 pel 0 low 12.2
6.58 d0 -1.3 walk -2.8..2.8 headR 197 elR (317,210) elm 8 bend 125 leg 0 pel 0 low 12.2
6.56 d0 -1.3 walk -2.8..2.8 headR 197 elR (317,210) elm 8 bend 125 leg 0 pel 0 low 12.2
6.56 d0 -1.3 walk -2.8..2.8 headR 197 elR (317,210) elm 8 bend 125 leg 0 pel 0 low 12.2
6.56 d0 -1.3 walk -2.8..2.8 headR 197 elR (317,210) elm 8 bend 125 leg 0 pel 0 low 12.2
6.56 d0 -1.3 walk -2.8..2.8 headR 197 elR (317,210) elm 8 bend 125 leg 0 pel 0 low 12.2
6.56 d0 -1.3 walk -2.8..2.8 headR 197 elR (317,210) elm 8 bend 125 leg 0 pel 0 low 12.2
6.56 d0 -1.3 walk -2.8..2.8 headR 197 elR (317,210) elm 8 bend 125 leg 0 pel 0 low 12.2
restart 2 6.558288192321708 [21.95, -54.449, 0.647, 0.372, 30.889, 20.074, -1.0, 53.478, 29.841, -1.0]
