00:00.077  system.path      | WARNING Could not get a list of mounted file-systems
00:00.700  render           | Saved: '/workspace/art_src/blockout/ironjaw_walk/renders/clay/walk_S_f00.png'
00:00.721  render           | Saved: '/workspace/art_src/blockout/ironjaw_walk/renders/sides/walk_S_f00.png'
00:00.738  render           | Saved: '/workspace/art_src/blockout/ironjaw_walk/renders/sil/walk_S_f00.png'
00:00.753  render           | Saved: '/workspace/art_src/blockout/ironjaw_walk/qa/idpass/id/walk_S_f00.png'
00:00.767  render           | Saved: '/workspace/art_src/blockout/ironjaw_walk/qa/idpass/bootonly_R/walk_S_f00.png'
00:00.780  render           | Saved: '/workspace/art_src/blockout/ironjaw_walk/qa/idpass/bootonly_L/walk_S_f00.png'
00:00.798  render           | Saved: '/workspace/art_src/blockout/ironjaw_walk/renders/clay/walk_S_f01.png'
00:00.818  render           | Saved: '/workspace/art_src/blockout/ironjaw_walk/renders/sides/walk_S_f01.png'
00:00.836  render           | Saved: '/workspace/art_src/blockout/ironjaw_walk/renders/sil/walk_S_f01.png'
00:00.855  render           | Saved: '/workspace/art_src/blockout/ironjaw_walk/qa/idpass/id/walk_S_f01.png'
00:00.874  render           | Saved: '/workspace/art_src/blockout/ironjaw_walk/qa/idpass/bootonly_R/walk_S_f01.png'
00:00.889  render           | Saved: '/workspace/art_src/blockout/ironjaw_walk/qa/idpass/bootonly_L/walk_S_f01.png'
00:00.907  render           | Saved: '/workspace/art_src/blockout/ironjaw_walk/renders/clay/walk_S_f02.png'
00:00.925  render           | Saved: '/workspace/art_src/blockout/ironjaw_walk/renders/sides/walk_S_f02.png'
00:00.940  render           | Saved: '/workspace/art_src/blockout/ironjaw_walk/renders/sil/walk_S_f02.png'
00:00.956  render           | Saved: '/workspace/art_src/blockout/ironjaw_walk/qa/idpass/id/walk_S_f02.png'
00:00.973  render           | Saved: '/workspace/art_src/blockout/ironjaw_walk/qa/idpass/bootonly_R/walk_S_f02.png'
00:00.987  render           | Saved: '/workspace/art_src/blockout/ironjaw_walk/qa/idpass/bootonly_L/walk_S_f02.png'
00:01.006  render           | Saved: '/workspace/art_src/blockout/ironjaw_walk/renders/clay/walk_S_f03.png'
00:01.023  render           | Saved: '/workspace/art_src/blockout/ironjaw_walk/renders/sides/walk_S_f03.png'
00:01.040  render           | Saved: '/workspace/art_src/blockout/ironjaw_walk/renders/sil/walk_S_f03.png'
00:01.056  render           | Saved: '/workspace/art_src/blockout/ironjaw_walk/qa/idpass/id/walk_S_f03.png'
00:01.072  render           | Saved: '/workspace/art_src/blockout/ironjaw_walk/qa/idpass/bootonly_R/walk_S_f03.png'
00:01.085  render           | Saved: '/workspace/art_src/blockout/ironjaw_walk/qa/idpass/bootonly_L/walk_S_f03.png'
00:01.102  render           | Saved: '/workspace/art_src/blockout/ironjaw_walk/renders/clay/walk_S_f04.png'
00:01.118  render           | Saved: '/workspace/art_src/blockout/ironjaw_walk/renders/sides/walk_S_f04.png'
00:01.132  render           | Saved: '/workspace/art_src/blockout/ironjaw_walk/renders/sil/walk_S_f04.png'
00:01.153  render           | Saved: '/workspace/art_src/blockout/ironjaw_walk/qa/idpass/id/walk_S_f04.png'
00:01.169  render           | Saved: '/workspace/art_src/blockout/ironjaw_walk/qa/idpass/bootonly_R/walk_S_f04.png'
00:01.183  render           | Saved: '/workspace/art_src/blockout/ironjaw_walk/qa/idpass/bootonly_L/walk_S_f04.png'
00:01.205  render           | Saved: '/workspace/art_src/blockout/ironjaw_walk/renders/clay/walk_S_f05.png'
00:01.224  render           | Saved: '/workspace/art_src/blockout/ironjaw_walk/renders/sides/walk_S_f05.png'
00:01.238  render           | Saved: '/workspace/art_src/blockout/ironjaw_walk/renders/sil/walk_S_f05.png'
00:01.255  render           | Saved: '/workspace/art_src/blockout/ironjaw_walk/qa/idpass/id/walk_S_f05.png'
00:01.269  render           | Saved: '/workspace/art_src/blockout/ironjaw_walk/qa/idpass/bootonly_R/walk_S_f05.png'
00:01.282  render           | Saved: '/workspace/art_src/blockout/ironjaw_walk/qa/idpass/bootonly_L/walk_S_f05.png'
00:01.299  render           | Saved: '/workspace/art_src/blockout/ironjaw_walk/renders/clay/walk_S_f06.png'
00:01.315  render           | Saved: '/workspace/art_src/blockout/ironjaw_walk/renders/sides/walk_S_f06.png'
00:01.333  render           | Saved: '/workspace/art_src/blockout/ironjaw_walk/renders/sil/walk_S_f06.png'
00:01.349  render           | Saved: '/workspace/art_src/blockout/ironjaw_walk/qa/idpass/id/walk_S_f06.png'
00:01.366  render           | Saved: '/workspace/art_src/blockout/ironjaw_walk/qa/idpass/bootonly_R/walk_S_f06.png'
00:01.380  render           | Saved: '/workspace/art_src/blockout/ironjaw_walk/qa/idpass/bootonly_L/walk_S_f06.png'
00:01.398  render           | Saved: '/workspace/art_src/blockout/ironjaw_walk/renders/clay/walk_S_f07.png'
00:01.413  render           | Saved: '/workspace/art_src/blockout/ironjaw_walk/renders/sides/walk_S_f07.png'
00:01.428  render           | Saved: '/workspace/art_src/blockout/ironjaw_walk/renders/sil/walk_S_f07.png'
00:01.444  render           | Saved: '/workspace/art_src/blockout/ironjaw_walk/qa/idpass/id/walk_S_f07.png'
00:01.461  render           | Saved: '/workspace/art_src/blockout/ironjaw_walk/qa/idpass/bootonly_R/walk_S_f07.png'
00:01.474  render           | Saved: '/workspace/art_src/blockout/ironjaw_walk/qa/idpass/bootonly_L/walk_S_f07.png'
00:01.491  render           | Saved: '/workspace/art_src/blockout/ironjaw_walk/renders/clay/walk_S_f08.png'
00:01.509  render           | Saved: '/workspace/art_src/blockout/ironjaw_walk/renders/sides/walk_S_f08.png'
00:01.525  render           | Saved: '/workspace/art_src/blockout/ironjaw_walk/renders/sil/walk_S_f08.png'
00:01.540  render           | Saved: '/workspace/art_src/blockout/ironjaw_walk/qa/idpass/id/walk_S_f08.png'
00:01.555  render           | Saved: '/workspace/art_src/blockout/ironjaw_walk/qa/idpass/bootonly_R/walk_S_f08.png'
00:01.572  render           | Saved: '/workspace/art_src/blockout/ironjaw_walk/qa/idpass/bootonly_L/walk_S_f08.png'
00:01.591  render           | Saved: '/workspace/art_src/blockout/ironjaw_walk/renders/clay/walk_S_f09.png'
00:01.607  render           | Saved: '/workspace/art_src/blockout/ironjaw_walk/renders/sides/walk_S_f09.png'
00:01.621  render           | Saved: '/workspace/art_src/blockout/ironjaw_walk/renders/sil/walk_S_f09.png'
00:01.635  render           | Saved: '/workspace/art_src/blockout/ironjaw_walk/qa/idpass/id/walk_S_f09.png'
00:01.650  render           | Saved: '/workspace/art_src/blockout/ironjaw_walk/qa/idpass/bootonly_R/walk_S_f09.png'
00:01.663  render           | Saved: '/workspace/art_src/blockout/ironjaw_walk/qa/idpass/bootonly_L/walk_S_f09.png'
00:01.680  render           | Saved: '/workspace/art_src/blockout/ironjaw_walk/renders/clay/walk_S_f10.png'
00:01.697  render           | Saved: '/workspace/art_src/blockout/ironjaw_walk/renders/sides/walk_S_f10.png'
00:01.712  render           | Saved: '/workspace/art_src/blockout/ironjaw_walk/renders/sil/walk_S_f10.png'
00:01.731  render           | Saved: '/workspace/art_src/blockout/ironjaw_walk/qa/idpass/id/walk_S_f10.png'
00:01.748  render           | Saved: '/workspace/art_src/blockout/ironjaw_walk/qa/idpass/bootonly_R/walk_S_f10.png'
00:01.762  render           | Saved: '/workspace/art_src/blockout/ironjaw_walk/qa/idpass/bootonly_L/walk_S_f10.png'
00:01.777  render           | Saved: '/workspace/art_src/blockout/ironjaw_walk/renders/clay/walk_S_f11.png'
00:01.800  render           | Saved: '/workspace/art_src/blockout/ironjaw_walk/renders/sides/walk_S_f11.png'
00:01.816  render           | Saved: '/workspace/art_src/blockout/ironjaw_walk/renders/sil/walk_S_f11.png'
00:01.833  render           | Saved: '/workspace/art_src/blockout/ironjaw_walk/qa/idpass/id/walk_S_f11.png'
00:01.849  render           | Saved: '/workspace/art_src/blockout/ironjaw_walk/qa/idpass/bootonly_R/walk_S_f11.png'
00:01.862  render           | Saved: '/workspace/art_src/blockout/ironjaw_walk/qa/idpass/bootonly_L/walk_S_f11.png'
00:01.879  render           | Saved: '/workspace/art_src/blockout/ironjaw_walk/renders/clay/idle_S.png'
00:01.895  render           | Saved: '/workspace/art_src/blockout/ironjaw_walk/renders/sides/idle_S.png'
00:01.911  render           | Saved: '/workspace/art_src/blockout/ironjaw_walk/renders/sil/idle_S.png'
00:01.925  render           | Saved: '/workspace/art_src/blockout/ironjaw_walk/qa/idpass/id/idle_S.png'
00:01.939  render           | Saved: '/workspace/art_src/blockout/ironjaw_walk/qa/idpass/bootonly_R/idle_S.png'
00:01.953  render           | Saved: '/workspace/art_src/blockout/ironjaw_walk/qa/idpass/bootonly_L/idle_S.png'
00:01.974  render           | Saved: '/workspace/art_src/blockout/ironjaw_walk/renders/clay/walk_E_f00.png'
00:01.991  render           | Saved: '/workspace/art_src/blockout/ironjaw_walk/renders/sides/walk_E_f00.png'
00:02.008  render           | Saved: '/workspace/art_src/blockout/ironjaw_walk/renders/sil/walk_E_f00.png'
00:02.024  render           | Saved: '/workspace/art_src/blockout/ironjaw_walk/qa/idpass/id/walk_E_f00.png'
00:02.041  render           | Saved: '/workspace/art_src/blockout/ironjaw_walk/qa/idpass/bootonly_R/walk_E_f00.png'
00:02.053  render           | Saved: '/workspace/art_src/blockout/ironjaw_walk/qa/idpass/bootonly_L/walk_E_f00.png'
00:02.069  render           | Saved: '/workspace/art_src/blockout/ironjaw_walk/renders/clay/walk_E_f01.png'
00:02.086  render           | Saved: '/workspace/art_src/blockout/ironjaw_walk/renders/sides/walk_E_f01.png'
00:02.103  render           | Saved: '/workspace/art_src/blockout/ironjaw_walk/renders/sil/walk_E_f01.png'
00:02.118  render           | Saved: '/workspace/art_src/blockout/ironjaw_walk/qa/idpass/id/walk_E_f01.png'
00:02.132  render           | Saved: '/workspace/art_src/blockout/ironjaw_walk/qa/idpass/bootonly_R/walk_E_f01.png'
00:02.144  render           | Saved: '/workspace/art_src/blockout/ironjaw_walk/qa/idpass/bootonly_L/walk_E_f01.png'
00:02.160  render           | Saved: '/workspace/art_src/blockout/ironjaw_walk/renders/clay/walk_E_f02.png'
00:02.178  render           | Saved: '/workspace/art_src/blockout/ironjaw_walk/renders/sides/walk_E_f02.png'
00:02.197  render           | Saved: '/workspace/art_src/blockout/ironjaw_walk/renders/sil/walk_E_f02.png'
00:02.216  render           | Saved: '/workspace/art_src/blockout/ironjaw_walk/qa/idpass/id/walk_E_f02.png'
00:02.233  render           | Saved: '/workspace/art_src/blockout/ironjaw_walk/qa/idpass/bootonly_R/walk_E_f02.png'
00:02.245  render           | Saved: '/workspace/art_src/blockout/ironjaw_walk/qa/idpass/bootonly_L/walk_E_f02.png'
00:02.262  render           | Saved: '/workspace/art_src/blockout/ironjaw_walk/renders/clay/walk_E_f03.png'
00:02.277  render           | Saved: '/workspace/art_src/blockout/ironjaw_walk/renders/sides/walk_E_f03.png'
00:02.294  render           | Saved: '/workspace/art_src/blockout/ironjaw_walk/renders/sil/walk_E_f03.png'
00:02.311  render           | Saved: '/workspace/art_src/blockout/ironjaw_walk/qa/idpass/id/walk_E_f03.png'
00:02.326  render           | Saved: '/workspace/art_src/blockout/ironjaw_walk/qa/idpass/bootonly_R/walk_E_f03.png'
00:02.341  render           | Saved: '/workspace/art_src/blockout/ironjaw_walk/qa/idpass/bootonly_L/walk_E_f03.png'
00:02.359  render           | Saved: '/workspace/art_src/blockout/ironjaw_walk/renders/clay/walk_E_f04.png'
00:02.376  render           | Saved: '/workspace/art_src/blockout/ironjaw_walk/renders/sides/walk_E_f04.png'
00:02.393  render           | Saved: '/workspace/art_src/blockout/ironjaw_walk/renders/sil/walk_E_f04.png'
00:02.409  render           | Saved: '/workspace/art_src/blockout/ironjaw_walk/qa/idpass/id/walk_E_f04.png'
00:02.422  render           | Saved: '/workspace/art_src/blockout/ironjaw_walk/qa/idpass/bootonly_R/walk_E_f04.png'
00:02.438  render           | Saved: '/workspace/art_src/blockout/ironjaw_walk/qa/idpass/bootonly_L/walk_E_f04.png'
00:02.460  render           | Saved: '/workspace/art_src/blockout/ironjaw_walk/renders/clay/walk_E_f05.png'
00:02.480  render           | Saved: '/workspace/art_src/blockout/ironjaw_walk/renders/sides/walk_E_f05.png'
00:02.498  render           | Saved: '/workspace/art_src/blockout/ironjaw_walk/renders/sil/walk_E_f05.png'
00:02.516  render           | Saved: '/workspace/art_src/blockout/ironjaw_walk/qa/idpass/id/walk_E_f05.png'
00:02.532  render           | Saved: '/workspace/art_src/blockout/ironjaw_walk/qa/idpass/bootonly_R/walk_E_f05.png'
00:02.544  render           | Saved: '/workspace/art_src/blockout/ironjaw_walk/qa/idpass/bootonly_L/walk_E_f05.png'
00:02.561  render           | Saved: '/workspace/art_src/blockout/ironjaw_walk/renders/clay/walk_E_f06.png'
00:02.581  render           | Saved: '/workspace/art_src/blockout/ironjaw_walk/renders/sides/walk_E_f06.png'
00:02.598  render           | Saved: '/workspace/art_src/blockout/ironjaw_walk/renders/sil/walk_E_f06.png'
00:02.616  render           | Saved: '/workspace/art_src/blockout/ironjaw_walk/qa/idpass/id/walk_E_f06.png'
00:02.633  render           | Saved: '/workspace/art_src/blockout/ironjaw_walk/qa/idpass/bootonly_R/walk_E_f06.png'
00:02.652  render           | Saved: '/workspace/art_src/blockout/ironjaw_walk/qa/idpass/bootonly_L/walk_E_f06.png'
00:02.672  render           | Saved: '/workspace/art_src/blockout/ironjaw_walk/renders/clay/walk_E_f07.png'
00:02.690  render           | Saved: '/workspace/art_src/blockout/ironjaw_walk/renders/sides/walk_E_f07.png'
00:02.707  render           | Saved: '/workspace/art_src/blockout/ironjaw_walk/renders/sil/walk_E_f07.png'
00:02.728  render           | Saved: '/workspace/art_src/blockout/ironjaw_walk/qa/idpass/id/walk_E_f07.png'
00:02.746  render           | Saved: '/workspace/art_src/blockout/ironjaw_walk/qa/idpass/bootonly_R/walk_E_f07.png'
00:02.761  render           | Saved: '/workspace/art_src/blockout/ironjaw_walk/qa/idpass/bootonly_L/walk_E_f07.png'
00:02.781  render           | Saved: '/workspace/art_src/blockout/ironjaw_walk/renders/clay/walk_E_f08.png'
00:02.797  render           | Saved: '/workspace/art_src/blockout/ironjaw_walk/renders/sides/walk_E_f08.png'
00:02.813  render           | Saved: '/workspace/art_src/blockout/ironjaw_walk/renders/sil/walk_E_f08.png'
00:02.830  render           | Saved: '/workspace/art_src/blockout/ironjaw_walk/qa/idpass/id/walk_E_f08.png'
00:02.847  render           | Saved: '/workspace/art_src/blockout/ironjaw_walk/qa/idpass/bootonly_R/walk_E_f08.png'
00:02.861  render           | Saved: '/workspace/art_src/blockout/ironjaw_walk/qa/idpass/bootonly_L/walk_E_f08.png'
00:02.882  render           | Saved: '/workspace/art_src/blockout/ironjaw_walk/renders/clay/walk_E_f09.png'
00:02.897  render           | Saved: '/workspace/art_src/blockout/ironjaw_walk/renders/sides/walk_E_f09.png'
00:02.911  render           | Saved: '/workspace/art_src/blockout/ironjaw_walk/renders/sil/walk_E_f09.png'
00:02.926  render           | Saved: '/workspace/art_src/blockout/ironjaw_walk/qa/idpass/id/walk_E_f09.png'
00:02.942  render           | Saved: '/workspace/art_src/blockout/ironjaw_walk/qa/idpass/bootonly_R/walk_E_f09.png'
00:02.955  render           | Saved: '/workspace/art_src/blockout/ironjaw_walk/qa/idpass/bootonly_L/walk_E_f09.png'
00:02.973  render           | Saved: '/workspace/art_src/blockout/ironjaw_walk/renders/clay/walk_E_f10.png'
00:02.991  render           | Saved: '/workspace/art_src/blockout/ironjaw_walk/renders/sides/walk_E_f10.png'
00:03.006  render           | Saved: '/workspace/art_src/blockout/ironjaw_walk/renders/sil/walk_E_f10.png'
00:03.021  render           | Saved: '/workspace/art_src/blockout/ironjaw_walk/qa/idpass/id/walk_E_f10.png'
00:03.034  render           | Saved: '/workspace/art_src/blockout/ironjaw_walk/qa/idpass/bootonly_R/walk_E_f10.png'
00:03.048  render           | Saved: '/workspace/art_src/blockout/ironjaw_walk/qa/idpass/bootonly_L/walk_E_f10.png'
00:03.064  render           | Saved: '/workspace/art_src/blockout/ironjaw_walk/renders/clay/walk_E_f11.png'
00:03.079  render           | Saved: '/workspace/art_src/blockout/ironjaw_walk/renders/sides/walk_E_f11.png'
00:03.093  render           | Saved: '/workspace/art_src/blockout/ironjaw_walk/renders/sil/walk_E_f11.png'
00:03.108  render           | Saved: '/workspace/art_src/blockout/ironjaw_walk/qa/idpass/id/walk_E_f11.png'
00:03.121  render           | Saved: '/workspace/art_src/blockout/ironjaw_walk/qa/idpass/bootonly_R/walk_E_f11.png'
00:03.133  render           | Saved: '/workspace/art_src/blockout/ironjaw_walk/qa/idpass/bootonly_L/walk_E_f11.png'
00:03.149  render           | Saved: '/workspace/art_src/blockout/ironjaw_walk/renders/clay/idle_E.png'
00:03.163  render           | Saved: '/workspace/art_src/blockout/ironjaw_walk/renders/sides/idle_E.png'
00:03.180  render           | Saved: '/workspace/art_src/blockout/ironjaw_walk/renders/sil/idle_E.png'
00:03.194  render           | Saved: '/workspace/art_src/blockout/ironjaw_walk/qa/idpass/id/idle_E.png'
00:03.207  render           | Saved: '/workspace/art_src/blockout/ironjaw_walk/qa/idpass/bootonly_R/idle_E.png'
00:03.220  render           | Saved: '/workspace/art_src/blockout/ironjaw_walk/qa/idpass/bootonly_L/idle_E.png'
00:03.247  system.path      | WARNING Could not get a list of mounted file-systems
Info: Saved as "ironjaw_blockout.blend"
YO 282.899252470384 done
