Godot Engine v4.7.stable.official.5b4e0cb0f - https://godotengine.org

Unable to open Android 'build-tools' directory.
[   0% ] [90m[1mfirst_scan_filesystem[22m | Started Project initialization (5 steps)[39m[0m
[   0% ] [90m[1mfirst_scan_filesystem[22m | Scanning file structure...[39m[0m
[  16% ] [90m[1mfirst_scan_filesystem[22m | Loading global class names...[39m[0m
[  33% ] [90m[1mfirst_scan_filesystem[22m | Verifying GDExtensions...[39m[0m
[  50% ] [90m[1mfirst_scan_filesystem[22m | Creating autoload scripts...[39m[0m
[  66% ] [90m[1mfirst_scan_filesystem[22m | Initializing plugins...[39m[0m
[  83% ] [90m[1mfirst_scan_filesystem[22m | Starting file scan...[39m[0m
[92m[ DONE ][39m [1mfirst_scan_filesystem[22m
[0m
WARNING: UID duplicate detected between res://art/pc/look/thunderwell_floor/floor_tiles.png and res://art/pc/look/coilgate_floor/floor_tiles.png.
     at: _process_file_system (editor/file_system/editor_file_system.cpp:1405)
WARNING: UID duplicate detected between res://art/pc/look/thunderwell_floor/glow_mask.png and res://art/pc/look/coilgate_floor/glow_mask.png.
     at: _process_file_system (editor/file_system/editor_file_system.cpp:1405)
WARNING: UID duplicate detected between res://art/pc/look/thunderwell_floor/light_pillar.png and res://art/pc/look/coilgate_floor/light_pillar.png.
     at: _process_file_system (editor/file_system/editor_file_system.cpp:1405)
WARNING: UID duplicate detected between res://art/pc/look/thunderwell_floor/pad_blue.png and res://art/pc/look/coilgate_floor/pad_blue.png.
     at: _process_file_system (editor/file_system/editor_file_system.cpp:1405)
WARNING: UID duplicate detected between res://art/pc/look/thunderwell_floor/pad_red.png and res://art/pc/look/coilgate_floor/pad_red.png.
     at: _process_file_system (editor/file_system/editor_file_system.cpp:1405)
WARNING: UID duplicate detected between res://art/pc/look/thunderwell_floor/room_edge_dark.png and res://art/pc/look/coilgate_floor/room_edge_dark.png.
     at: _process_file_system (editor/file_system/editor_file_system.cpp:1405)
[   0% ] [90m[1m_update_scan_actions[22m | Started Scanning actions... (4 steps)[39m[0m
[   0% ] [90m[1m_update_scan_actions[22m | clearing.png[39m[0m
[  20% ] [90m[1m_update_scan_actions[22m | clearing@2x.png[39m[0m
[  40% ] [90m[1m_update_scan_actions[22m | sky.png[39m[0m
[  60% ] [90m[1m_update_scan_actions[22m | sky@2x.png[39m[0m
[92m[ DONE ][39m [1m_update_scan_actions[22m
[0m
[   0% ] [90m[1mreimport[22m | Started (Re)Importing Assets (4 steps)[39m[0m
[   0% ] [90m[1mreimport[22m | Preparing files to reimport...[39m[0m
[  20% ] [90m[1mreimport[22m | Preparing files to reimport...[39m[0m
[  40% ] [90m[1mreimport[22m | Preparing files to reimport...[39m[0m
[  60% ] [90m[1mreimport[22m | Preparing files to reimport...[39m[0m
[   0% ] [90m[1mreimport[22m | Executing pre-reimport operations...[39m[0m
[   0% ] [90m[1mreimport[22m | clearing.png[39m[0m
[   0% ] [90m[1mreimport[22m | clearing.png[39m[0m
[  20% ] [90m[1mreimport[22m | clearing@2x.png[39m[0m
[  20% ] [90m[1mreimport[22m | clearing@2x.png[39m[0m
[  20% ] [90m[1mreimport[22m | clearing@2x.png[39m[0m
[  40% ] [90m[1mreimport[22m | sky.png[39m[0m
[  40% ] [90m[1mreimport[22m | sky.png[39m[0m
[  40% ] [90m[1mreimport[22m | sky.png[39m[0m
[  40% ] [90m[1mreimport[22m | sky.png[39m[0m
[  40% ] [90m[1mreimport[22m | sky.png[39m[0m
[  40% ] [90m[1mreimport[22m | sky.png[39m[0m
[  60% ] [90m[1mreimport[22m | sky@2x.png[39m[0m
[  60% ] [90m[1mreimport[22m | sky@2x.png[39m[0m
[  60% ] [90m[1mreimport[22m | sky@2x.png[39m[0m
[  60% ] [90m[1mreimport[22m | sky@2x.png[39m[0m
[  60% ] [90m[1mreimport[22m | sky@2x.png[39m[0m
[  60% ] [90m[1mreimport[22m | sky@2x.png[39m[0m
[  60% ] [90m[1mreimport[22m | sky@2x.png[39m[0m
[  60% ] [90m[1mreimport[22m | sky@2x.png[39m[0m
[  60% ] [90m[1mreimport[22m | sky@2x.png[39m[0m
[  80% ] [90m[1mreimport[22m | Finalizing Asset Import...[39m[0m
[92m[ DONE ][39m [1mreimport[22m
[0m
[   0% ] [90m[1mreimport[22m | Started (Re)Importing Assets (4 steps)[39m[0m
[   0% ] [90m[1mreimport[22m | Executing post-reimport operations...[39m[0m
[92m[ DONE ][39m [1mreimport[22m
[0m
[   0% ] [90m[1mloading_editor_layout[22m | Started Loading editor (5 steps)[39m[0m
[   0% ] [90m[1mloading_editor_layout[22m | Loading editor layout...[39m[0m
[  16% ] [90m[1mloading_editor_layout[22m | Loading docks...[39m[0m
[92m[ DONE ][39m [1mloading_editor_layout[22m
[0m
exit 0
